Archive member included to satisfy reference by file (symbol)

/home/igor/.eclipse/com.st.stm32cube.ide.mcu.rcp.product_1.5.0_1935173080_linux_gtk_x86_64/plugins/com.st.stm32cube.ide.mcu.externaltools.gnu-tools-for-stm32.9-2020-q2-update.linux64_1.5.0.202011040924/tools/bin/../lib/gcc/arm-none-eabi/9.3.1/../../../../arm-none-eabi/lib/thumb/v7-m/nofp/libstdc++_nano.a(del_op.o)
                              Core/Grow_device/Grow_device.o (operator delete(void*))
/home/igor/.eclipse/com.st.stm32cube.ide.mcu.rcp.product_1.5.0_1935173080_linux_gtk_x86_64/plugins/com.st.stm32cube.ide.mcu.externaltools.gnu-tools-for-stm32.9-2020-q2-update.linux64_1.5.0.202011040924/tools/bin/../lib/gcc/arm-none-eabi/9.3.1/../../../../arm-none-eabi/lib/thumb/v7-m/nofp/libstdc++_nano.a(del_ops.o)
                              Core/LoRa_module/LoRa.o (operator delete(void*, unsigned int))
/home/igor/.eclipse/com.st.stm32cube.ide.mcu.rcp.product_1.5.0_1935173080_linux_gtk_x86_64/plugins/com.st.stm32cube.ide.mcu.externaltools.gnu-tools-for-stm32.9-2020-q2-update.linux64_1.5.0.202011040924/tools/bin/../lib/gcc/arm-none-eabi/9.3.1/../../../../arm-none-eabi/lib/thumb/v7-m/nofp/libstdc++_nano.a(del_opv.o)
                              Core/LoRa_contact_data/LoRa_contact_data.o (operator delete[](void*))
/home/igor/.eclipse/com.st.stm32cube.ide.mcu.rcp.product_1.5.0_1935173080_linux_gtk_x86_64/plugins/com.st.stm32cube.ide.mcu.externaltools.gnu-tools-for-stm32.9-2020-q2-update.linux64_1.5.0.202011040924/tools/bin/../lib/gcc/arm-none-eabi/9.3.1/../../../../arm-none-eabi/lib/thumb/v7-m/nofp/libstdc++_nano.a(new_op.o)
                              Core/Grow_device/Grow_device.o (operator new(unsigned int))
/home/igor/.eclipse/com.st.stm32cube.ide.mcu.rcp.product_1.5.0_1935173080_linux_gtk_x86_64/plugins/com.st.stm32cube.ide.mcu.externaltools.gnu-tools-for-stm32.9-2020-q2-update.linux64_1.5.0.202011040924/tools/bin/../lib/gcc/arm-none-eabi/9.3.1/../../../../arm-none-eabi/lib/thumb/v7-m/nofp/libstdc++_nano.a(new_opv.o)
                              Core/LoRa_contact_data/LoRa_contact_data.o (operator new[](unsigned int))
/home/igor/.eclipse/com.st.stm32cube.ide.mcu.rcp.product_1.5.0_1935173080_linux_gtk_x86_64/plugins/com.st.stm32cube.ide.mcu.externaltools.gnu-tools-for-stm32.9-2020-q2-update.linux64_1.5.0.202011040924/tools/bin/../lib/gcc/arm-none-eabi/9.3.1/../../../../arm-none-eabi/lib/thumb/v7-m/nofp/libstdc++_nano.a(functexcept.o)
                              Core/Grow_device/Grow_device.o (std::__throw_bad_alloc())
/home/igor/.eclipse/com.st.stm32cube.ide.mcu.rcp.product_1.5.0_1935173080_linux_gtk_x86_64/plugins/com.st.stm32cube.ide.mcu.externaltools.gnu-tools-for-stm32.9-2020-q2-update.linux64_1.5.0.202011040924/tools/bin/../lib/gcc/arm-none-eabi/9.3.1/../../../../arm-none-eabi/lib/thumb/v7-m/nofp/libstdc++_nano.a(snprintf_lite.o)
                              /home/igor/.eclipse/com.st.stm32cube.ide.mcu.rcp.product_1.5.0_1935173080_linux_gtk_x86_64/plugins/com.st.stm32cube.ide.mcu.externaltools.gnu-tools-for-stm32.9-2020-q2-update.linux64_1.5.0.202011040924/tools/bin/../lib/gcc/arm-none-eabi/9.3.1/../../../../arm-none-eabi/lib/thumb/v7-m/nofp/libstdc++_nano.a(functexcept.o) (__gnu_cxx::__snprintf_lite(char*, unsigned int, char const*, std::__va_list))
/home/igor/.eclipse/com.st.stm32cube.ide.mcu.rcp.product_1.5.0_1935173080_linux_gtk_x86_64/plugins/com.st.stm32cube.ide.mcu.externaltools.gnu-tools-for-stm32.9-2020-q2-update.linux64_1.5.0.202011040924/tools/bin/../lib/gcc/arm-none-eabi/9.3.1/../../../../arm-none-eabi/lib/thumb/v7-m/nofp/libstdc++_nano.a(new_handler.o)
                              /home/igor/.eclipse/com.st.stm32cube.ide.mcu.rcp.product_1.5.0_1935173080_linux_gtk_x86_64/plugins/com.st.stm32cube.ide.mcu.externaltools.gnu-tools-for-stm32.9-2020-q2-update.linux64_1.5.0.202011040924/tools/bin/../lib/gcc/arm-none-eabi/9.3.1/../../../../arm-none-eabi/lib/thumb/v7-m/nofp/libstdc++_nano.a(new_op.o) (std::get_new_handler())
/home/igor/.eclipse/com.st.stm32cube.ide.mcu.rcp.product_1.5.0_1935173080_linux_gtk_x86_64/plugins/com.st.stm32cube.ide.mcu.externaltools.gnu-tools-for-stm32.9-2020-q2-update.linux64_1.5.0.202011040924/tools/bin/../lib/gcc/arm-none-eabi/9.3.1/../../../../arm-none-eabi/lib/thumb/v7-m/nofp/libc_nano.a(lib_a-abort.o)
                              /home/igor/.eclipse/com.st.stm32cube.ide.mcu.rcp.product_1.5.0_1935173080_linux_gtk_x86_64/plugins/com.st.stm32cube.ide.mcu.externaltools.gnu-tools-for-stm32.9-2020-q2-update.linux64_1.5.0.202011040924/tools/bin/../lib/gcc/arm-none-eabi/9.3.1/../../../../arm-none-eabi/lib/thumb/v7-m/nofp/libstdc++_nano.a(new_op.o) (abort)
/home/igor/.eclipse/com.st.stm32cube.ide.mcu.rcp.product_1.5.0_1935173080_linux_gtk_x86_64/plugins/com.st.stm32cube.ide.mcu.externaltools.gnu-tools-for-stm32.9-2020-q2-update.linux64_1.5.0.202011040924/tools/bin/../lib/gcc/arm-none-eabi/9.3.1/../../../../arm-none-eabi/lib/thumb/v7-m/nofp/libc_nano.a(lib_a-errno.o)
[...]
Memory Configuration

Name             Origin             Length             Attributes
RAM              0x0000000020000000 0x0000000000005000 xrw
FLASH            0x0000000008000000 0x0000000000010000 xr
*default*        0x0000000000000000 0xffffffffffffffff

Linker script and memory map

LOAD /home/igor/.eclipse/com.st.stm32cube.ide.mcu.rcp.product_1.5.0_1935173080_linux_gtk_x86_64/plugins/com.st.stm32cube.ide.mcu.externaltools.gnu-tools-for-stm32.9-2020-q2-update.linux64_1.5.0.202011040924/tools/bin/../lib/gcc/arm-none-eabi/9.3.1/thumb/v7-m/nofp/crti.o
LOAD /home/igor/.eclipse/com.st.stm32cube.ide.mcu.rcp.product_1.5.0_1935173080_linux_gtk_x86_64/plugins/com.st.stm32cube.ide.mcu.externaltools.gnu-tools-for-stm32.9-2020-q2-update.linux64_1.5.0.202011040924/tools/bin/../lib/gcc/arm-none-eabi/9.3.1/thumb/v7-m/nofp/crtbegin.o
LOAD /home/igor/.eclipse/com.st.stm32cube.ide.mcu.rcp.product_1.5.0_1935173080_linux_gtk_x86_64/plugins/com.st.stm32cube.ide.mcu.externaltools.gnu-tools-for-stm32.9-2020-q2-update.linux64_1.5.0.202011040924/tools/bin/../lib/gcc/arm-none-eabi/9.3.1/../../../../arm-none-eabi/lib/thumb/v7-m/nofp/crt0.o
LOAD Core/Check_clock/Check_clock.o
LOAD Core/Clock_channel/Clock_channel.o
LOAD Core/Device_relay/Device_relay.o
LOAD Core/FlashPROM/FlashPROM.o
LOAD Core/Grow_device/Grow_device.o
LOAD Core/Grow_device/Grow_device_interface.o
LOAD Core/Grow_device_component/Grow_device_component.o
LOAD Core/LoRa_contact_data/LoRa_contact_data.o
LOAD Core/LoRa_main_cpp/LoRa_main_file.o
LOAD Core/LoRa_module/Address_field.o
LOAD Core/LoRa_module/LoRa.o
LOAD Core/LoRa_module/LoRa_packet.o
LOAD Core/LoRa_module/LoRa_register.o
LOAD Core/LoRa_module/LoRa_register_data.o
LOAD Core/Packet_analyzer/Packet_analyzer.o
LOAD Core/Src/main.o
LOAD Core/Src/stm32f1xx_hal_msp.o
LOAD Core/Src/stm32f1xx_it.o
LOAD Core/Src/syscalls.o
LOAD Core/Src/sysmem.o
LOAD Core/Src/system_stm32f1xx.o
LOAD Core/Startup/startup_stm32f103c8tx.o
LOAD Drivers/STM32F1xx_HAL_Driver/Src/stm32f1xx_hal.o
LOAD Drivers/STM32F1xx_HAL_Driver/Src/stm32f1xx_hal_adc.o
LOAD Drivers/STM32F1xx_HAL_Driver/Src/stm32f1xx_hal_adc_ex.o
LOAD Drivers/STM32F1xx_HAL_Driver/Src/stm32f1xx_hal_cortex.o
LOAD Drivers/STM32F1xx_HAL_Driver/Src/stm32f1xx_hal_dma.o
LOAD Drivers/STM32F1xx_HAL_Driver/Src/stm32f1xx_hal_exti.o
LOAD Drivers/STM32F1xx_HAL_Driver/Src/stm32f1xx_hal_flash.o
LOAD Drivers/STM32F1xx_HAL_Driver/Src/stm32f1xx_hal_flash_ex.o
LOAD Drivers/STM32F1xx_HAL_Driver/Src/stm32f1xx_hal_gpio.o
LOAD Drivers/STM32F1xx_HAL_Driver/Src/stm32f1xx_hal_gpio_ex.o
LOAD Drivers/STM32F1xx_HAL_Driver/Src/stm32f1xx_hal_pwr.o
LOAD Drivers/STM32F1xx_HAL_Driver/Src/stm32f1xx_hal_rcc.o
LOAD Drivers/STM32F1xx_HAL_Driver/Src/stm32f1xx_hal_rcc_ex.o
LOAD Drivers/STM32F1xx_HAL_Driver/Src/stm32f1xx_hal_rtc.o
LOAD Drivers/STM32F1xx_HAL_Driver/Src/stm32f1xx_hal_rtc_ex.o
LOAD Drivers/STM32F1xx_HAL_Driver/Src/stm32f1xx_hal_spi.o
LOAD Drivers/STM32F1xx_HAL_Driver/Src/stm32f1xx_hal_tim.o
LOAD Drivers/STM32F1xx_HAL_Driver/Src/stm32f1xx_hal_tim_ex.o
START GROUP
LOAD /home/igor/.eclipse/com.st.stm32cube.ide.mcu.rcp.product_1.5.0_1935173080_linux_gtk_x86_64/plugins/com.st.stm32cube.ide.mcu.externaltools.gnu-tools-for-stm32.9-2020-q2-update.linux64_1.5.0.202011040924/tools/bin/../lib/gcc/arm-none-eabi/9.3.1/../../../../arm-none-eabi/lib/thumb/v7-m/nofp/libstdc++_nano.a
LOAD /home/igor/.eclipse/com.st.stm32cube.ide.mcu.rcp.product_1.5.0_1935173080_linux_gtk_x86_64/plugins/com.st.stm32cube.ide.mcu.externaltools.gnu-tools-for-stm32.9-2020-q2-update.linux64_1.5.0.202011040924/tools/bin/../lib/gcc/arm-none-eabi/9.3.1/../../../../arm-none-eabi/lib/thumb/v7-m/nofp/libsupc++_nano.a
END GROUP
LOAD /home/igor/.eclipse/com.st.stm32cube.ide.mcu.rcp.product_1.5.0_1935173080_linux_gtk_x86_64/plugins/com.st.stm32cube.ide.mcu.externaltools.gnu-tools-for-stm32.9-2020-q2-update.linux64_1.5.0.202011040924/tools/bin/../lib/gcc/arm-none-eabi/9.3.1/../../../../arm-none-eabi/lib/thumb/v7-m/nofp/libstdc++_nano.a
LOAD /home/igor/.eclipse/com.st.stm32cube.ide.mcu.rcp.product_1.5.0_1935173080_linux_gtk_x86_64/plugins/com.st.stm32cube.ide.mcu.externaltools.gnu-tools-for-stm32.9-2020-q2-update.linux64_1.5.0.202011040924/tools/bin/../lib/gcc/arm-none-eabi/9.3.1/../../../../arm-none-eabi/lib/thumb/v7-m/nofp/libm.a
LOAD /home/igor/.eclipse/com.st.stm32cube.ide.mcu.rcp.product_1.5.0_1935173080_linux_gtk_x86_64/plugins/com.st.stm32cube.ide.mcu.externaltools.gnu-tools-for-stm32.9-2020-q2-update.linux64_1.5.0.202011040924/tools/bin/../lib/gcc/arm-none-eabi/9.3.1/../../../../arm-none-eabi/lib/thumb/v7-m/nofp/libc_nano.a
START GROUP
LOAD /home/igor/.eclipse/com.st.stm32cube.ide.mcu.rcp.product_1.5.0_1935173080_linux_gtk_x86_64/plugins/com.st.stm32cube.ide.mcu.externaltools.gnu-tools-for-stm32.9-2020-q2-update.linux64_1.5.0.202011040924/tools/bin/../lib/gcc/arm-none-eabi/9.3.1/thumb/v7-m/nofp/libgcc.a
LOAD /home/igor/.eclipse/com.st.stm32cube.ide.mcu.rcp.product_1.5.0_1935173080_linux_gtk_x86_64/plugins/com.st.stm32cube.ide.mcu.externaltools.gnu-tools-for-stm32.9-2020-q2-update.linux64_1.5.0.202011040924/tools/bin/../lib/gcc/arm-none-eabi/9.3.1/../../../../arm-none-eabi/lib/thumb/v7-m/nofp/libc_nano.a
END GROUP
START GROUP
LOAD /home/igor/.eclipse/com.st.stm32cube.ide.mcu.rcp.product_1.5.0_1935173080_linux_gtk_x86_64/plugins/com.st.stm32cube.ide.mcu.externaltools.gnu-tools-for-stm32.9-2020-q2-update.linux64_1.5.0.202011040924/tools/bin/../lib/gcc/arm-none-eabi/9.3.1/thumb/v7-m/nofp/libgcc.a
LOAD /home/igor/.eclipse/com.st.stm32cube.ide.mcu.rcp.product_1.5.0_1935173080_linux_gtk_x86_64/plugins/com.st.stm32cube.ide.mcu.externaltools.gnu-tools-for-stm32.9-2020-q2-update.linux64_1.5.0.202011040924/tools/bin/../lib/gcc/arm-none-eabi/9.3.1/../../../../arm-none-eabi/lib/thumb/v7-m/nofp/libc_nano.a
LOAD /home/igor/.eclipse/com.st.stm32cube.ide.mcu.rcp.product_1.5.0_1935173080_linux_gtk_x86_64/plugins/com.st.stm32cube.ide.mcu.externaltools.gnu-tools-for-stm32.9-2020-q2-update.linux64_1.5.0.202011040924/tools/bin/../lib/gcc/arm-none-eabi/9.3.1/../../../../arm-none-eabi/lib/thumb/v7-m/nofp/libnosys.a
END GROUP
START GROUP
LOAD /home/igor/.eclipse/com.st.stm32cube.ide.mcu.rcp.product_1.5.0_1935173080_linux_gtk_x86_64/plugins/com.st.stm32cube.ide.mcu.externaltools.gnu-tools-for-stm32.9-2020-q2-update.linux64_1.5.0.202011040924/tools/bin/../lib/gcc/arm-none-eabi/9.3.1/thumb/v7-m/nofp/libgcc.a
LOAD /home/igor/.eclipse/com.st.stm32cube.ide.mcu.rcp.product_1.5.0_1935173080_linux_gtk_x86_64/plugins/com.st.stm32cube.ide.mcu.externaltools.gnu-tools-for-stm32.9-2020-q2-update.linux64_1.5.0.202011040924/tools/bin/../lib/gcc/arm-none-eabi/9.3.1/../../../../arm-none-eabi/lib/thumb/v7-m/nofp/libc_nano.a
LOAD /home/igor/.eclipse/com.st.stm32cube.ide.mcu.rcp.product_1.5.0_1935173080_linux_gtk_x86_64/plugins/com.st.stm32cube.ide.mcu.externaltools.gnu-tools-for-stm32.9-2020-q2-update.linux64_1.5.0.202011040924/tools/bin/../lib/gcc/arm-none-eabi/9.3.1/../../../../arm-none-eabi/lib/thumb/v7-m/nofp/libnosys.a
END GROUP
LOAD /home/igor/.eclipse/com.st.stm32cube.ide.mcu.rcp.product_1.5.0_1935173080_linux_gtk_x86_64/plugins/com.st.stm32cube.ide.mcu.externaltools.gnu-tools-for-stm32.9-2020-q2-update.linux64_1.5.0.202011040924/tools/bin/../lib/gcc/arm-none-eabi/9.3.1/thumb/v7-m/nofp/crtend.o
LOAD /home/igor/.eclipse/com.st.stm32cube.ide.mcu.rcp.product_1.5.0_1935173080_linux_gtk_x86_64/plugins/com.st.stm32cube.ide.mcu.externaltools.gnu-tools-for-stm32.9-2020-q2-update.linux64_1.5.0.202011040924/tools/bin/../lib/gcc/arm-none-eabi/9.3.1/thumb/v7-m/nofp/crtn.o
                0x0000000020005000                _estack = (ORIGIN (RAM) + LENGTH (RAM))
                0x0000000000000200                _Min_Heap_Size = 0x200
                0x0000000000000400                _Min_Stack_Size = 0x400

.isr_vector     0x0000000008000000      0x10c
                0x0000000008000000                . = ALIGN (0x4)
 *(.isr_vector)
 .isr_vector    0x0000000008000000      0x10c Core/Startup/startup_stm32f103c8tx.o
                0x0000000008000000                g_pfnVectors
                0x000000000800010c                . = ALIGN (0x4)

.text           0x0000000008000110     0x81e8
                0x0000000008000110                . = ALIGN (0x4)
 *(.text)
 .text          0x0000000008000110       0x40 /home/igor/.eclipse/com.st.stm32cube.ide.mcu.rcp.product_1.5.0_1935173080_linux_gtk_x86_64/plugins/com.st.stm32cube.ide.mcu.externaltools.gnu-tools-for-stm32.9-2020-q2-update.linux64_1.5.0.202011040924/tools/bin/../lib/gcc/arm-none-eabi/9.3.1/thumb/v7-m/nofp/crtbegin.o
 .text          0x0000000008000150      0x378 /home/igor/.eclipse/com.st.stm32cube.ide.mcu.rcp.product_1.5.0_1935173080_linux_gtk_x86_64/plugins/com.st.stm32cube.ide.mcu.externaltools.gnu-tools-for-stm32.9-2020-q2-update.linux64_1.5.0.202011040924/tools/bin/../lib/gcc/arm-none-eabi/9.3.1/thumb/v7-m/nofp/libgcc.a(_arm_addsubdf3.o)
                0x0000000008000150                __aeabi_drsub
                0x0000000008000158                __aeabi_dsub
                0x0000000008000158                __subdf3
                0x000000000800015c                __adddf3
                0x000000000800015c                __aeabi_dadd
                0x00000000080003d4                __aeabi_ui2d
                0x00000000080003d4                __floatunsidf
                0x00000000080003f4                __floatsidf
                0x00000000080003f4                __aeabi_i2d
                0x0000000008000418                __extendsfdf2
                0x0000000008000418                __aeabi_f2d
                0x000000000800045c                __aeabi_ul2d
                0x000000000800045c                __floatundidf
                0x000000000800046c                __floatdidf
                0x000000000800046c                __aeabi_l2d
 .text          0x00000000080004c8      0x110 /home/igor/.eclipse/com.st.stm32cube.ide.mcu.rcp.product_1.5.0_1935173080_linux_gtk_x86_64/plugins/com.st.stm32cube.ide.mcu.externaltools.gnu-tools-for-stm32.9-2020-q2-update.linux64_1.5.0.202011040924/tools/bin/../lib/gcc/arm-none-eabi/9.3.1/thumb/v7-m/nofp/libgcc.a(_arm_cmpdf2.o)
                0x00000000080004c8                __gtdf2
                0x00000000080004c8                __gedf2
                0x00000000080004d0                __ltdf2
                0x00000000080004d0                __ledf2
                0x00000000080004d8                __cmpdf2
                0x00000000080004d8                __eqdf2
                0x00000000080004d8                __nedf2
                0x0000000008000554                __aeabi_cdrcmple
                0x0000000008000564                __aeabi_cdcmple
                0x0000000008000564                __aeabi_cdcmpeq
                0x0000000008000574                __aeabi_dcmpeq
                0x0000000008000588                __aeabi_dcmplt
                0x000000000800059c                __aeabi_dcmple
                0x00000000080005b0                __aeabi_dcmpge
                0x00000000080005c4                __aeabi_dcmpgt
 .text          0x00000000080005d8       0x30 /home/igor/.eclipse/com.st.stm32cube.ide.mcu.rcp.product_1.5.0_1935173080_linux_gtk_x86_64/plugins/com.st.stm32cube.ide.mcu.externaltools.gnu-tools-for-stm32.9-2020-q2-update.linux64_1.5.0.202011040924/tools/bin/../lib/gcc/arm-none-eabi/9.3.1/thumb/v7-m/nofp/libgcc.a(_aeabi_uldivmod.o)
                0x00000000080005d8                __aeabi_uldivmod
 .text          0x0000000008000608      0x2c4 /home/igor/.eclipse/com.st.stm32cube.ide.mcu.rcp.product_1.5.0_1935173080_linux_gtk_x86_64/plugins/com.st.stm32cube.ide.mcu.externaltools.gnu-tools-for-stm32.9-2020-q2-update.linux64_1.5.0.202011040924/tools/bin/../lib/gcc/arm-none-eabi/9.3.1/thumb/v7-m/nofp/libgcc.a(_udivmoddi4.o)
                0x0000000008000608                __udivmoddi4
 .text          0x00000000080008cc        0x4 /home/igor/.eclipse/com.st.stm32cube.ide.mcu.rcp.product_1.5.0_1935173080_linux_gtk_x86_64/plugins/com.st.stm32cube.ide.mcu.externaltools.gnu-tools-for-stm32.9-2020-q2-update.linux64_1.5.0.202011040924/tools/bin/../lib/gcc/arm-none-eabi/9.3.1/thumb/v7-m/nofp/libgcc.a(_dvmd_tls.o)
                0x00000000080008cc                __aeabi_ldiv0
                0x00000000080008cc                __aeabi_idiv0
 *(.text*)
 .text.clock_add_second
                0x00000000080008d0       0x8a Core/Check_clock/Check_clock.o
                0x00000000080008d0                clock_add_second
 .text.clock_comparison
                0x000000000800095a       0x2a Core/Check_clock/Check_clock.o
                0x000000000800095a                clock_comparison
 .text.clock_range_membership
                0x0000000008000984       0x50 Core/Check_clock/Check_clock.o
                0x0000000008000984                clock_range_membership
 .text.search_nearest_clock
                0x00000000080009d4       0x40 Core/Check_clock/Check_clock.o
                0x00000000080009d4                search_nearest_clock
 .text.clock_channel_init
                0x0000000008000a14       0x26 Core/Clock_channel/Clock_channel.o
                0x0000000008000a14                clock_channel_init
 *fill*         0x0000000008000a3a        0x2 
 .text.state_change_clock
                0x0000000008000a3c       0x64 Core/Clock_channel/Clock_channel.o
                0x0000000008000a3c                state_change_clock
 .text.check_state_by_RTC
                0x0000000008000aa0       0x2e Core/Clock_channel/Clock_channel.o
                0x0000000008000aa0                check_state_by_RTC
 *fill*         0x0000000008000ace        0x2 
 .text.find_alarm_clock
                0x0000000008000ad0       0x84 Core/Clock_channel/Clock_channel.o
                0x0000000008000ad0                find_alarm_clock
 .text.activate_pin
                0x0000000008000b54       0x16 Core/Device_relay/Device_relay.o
                0x0000000008000b54                activate_pin
 .text.relay_init
                0x0000000008000b6a       0x2a Core/Device_relay/Device_relay.o
                0x0000000008000b6a                relay_init
 .text.relay_set_state
                0x0000000008000b94        0x6 Core/Device_relay/Device_relay.o
                0x0000000008000b94                relay_set_state
 *fill*         0x0000000008000b9a        0x2 
 .text.Erase_flash
                0x0000000008000b9c       0x30 Core/FlashPROM/FlashPROM.o
                0x0000000008000b9c                Erase_flash
 .text.Flash_search_adress
                0x0000000008000bcc       0x30 Core/FlashPROM/FlashPROM.o
                0x0000000008000bcc                Flash_search_adress
 .text.Write_to_flash
                0x0000000008000bfc       0x44 Core/FlashPROM/FlashPROM.o
                0x0000000008000bfc                Write_to_flash
 .text.Read_last_data_in_flash
                0x0000000008000c40       0x20 Core/FlashPROM/FlashPROM.o
                0x0000000008000c40                Read_last_data_in_flash
 .text.Read_control_module_info_from_flash
                0x0000000008000c60       0x24 Core/FlashPROM/FlashPROM.o
                0x0000000008000c60                Read_control_module_info_from_flash
 .text._ZN11Grow_device13set_system_idESt5arrayIhLj12EE
                0x0000000008000c84       0x14 Core/Grow_device/Grow_device.o
                0x0000000008000c84                Grow_device::set_system_id(std::array<unsigned char, 12u>)
 .text._ZNK11Grow_device13get_system_idEv
                0x0000000008000c98       0x12 Core/Grow_device/Grow_device.o
                0x0000000008000c98                Grow_device::get_system_id() const
 .text._ZN11Grow_device10set_activeEh
                0x0000000008000caa        0xa Core/Grow_device/Grow_device.o
                0x0000000008000caa                Grow_device::set_active(unsigned char)
 .text._ZNK11Grow_device10get_activeEv
                0x0000000008000cb4        0x6 Core/Grow_device/Grow_device.o
                0x0000000008000cb4                Grow_device::get_active() const
 .text._ZN11Grow_device26set_address_control_moduleE12LoRa_address
                0x0000000008000cba       0x12 Core/Grow_device/Grow_device.o
                0x0000000008000cba                Grow_device::set_address_control_module(LoRa_address)
 .text._ZNK11Grow_device26get_address_control_moduleEv
                0x0000000008000ccc       0x16 Core/Grow_device/Grow_device.o
                0x0000000008000ccc                Grow_device::get_address_control_module() const
 .text._ZNK11Grow_device11get_settingEv
                0x0000000008000ce2        0x6 Core/Grow_device/Grow_device.o
                0x0000000008000ce2                Grow_device::get_setting() const
 .text._ZNK11Grow_device8get_typeEhRh
                0x0000000008000ce8       0x24 Core/Grow_device/Grow_device.o
                0x0000000008000ce8                Grow_device::get_type(unsigned char, unsigned char&) const
 .text._ZNK11Grow_device6get_idEhRh
                0x0000000008000d0c       0x24 Core/Grow_device/Grow_device.o
                0x0000000008000d0c                Grow_device::get_id(unsigned char, unsigned char&) const
 .text._ZN11Grow_device9set_valueEht
                0x0000000008000d30       0x2c Core/Grow_device/Grow_device.o
                0x0000000008000d30                Grow_device::set_value(unsigned char, unsigned short)
 .text._ZN11Grow_device9get_valueEhRt
                0x0000000008000d5c       0x24 Core/Grow_device/Grow_device.o
                0x0000000008000d5c                Grow_device::get_value(unsigned char, unsigned short&)
 .text._ZNK11Grow_device19get_count_componentEv
                0x0000000008000d80        0xc Core/Grow_device/Grow_device.o
                0x0000000008000d80                Grow_device::get_count_component() const
 .text._ZNSt6vectorI21Grow_device_componentSaIS0_EE17_M_realloc_insertIJS0_EEEvN9__gnu_cxx17__normal_iteratorIPS0_S2_EEDpOT_
                0x0000000008000d8c       0xa0 Core/Grow_device/Grow_device.o
                0x0000000008000d8c                void std::vector<Grow_device_component, std::allocator<Grow_device_component> >::_M_realloc_insert<Grow_device_component>(__gnu_cxx::__normal_iterator<Grow_device_component*, std::vector<Grow_device_component, std::allocator<Grow_device_component> > >, Grow_device_component&&)
 .text._ZNSt6vectorI21Grow_device_componentSaIS0_EE12emplace_backIJS0_EEEvDpOT_
                0x0000000008000e2c       0x1c Core/Grow_device/Grow_device.o
                0x0000000008000e2c                void std::vector<Grow_device_component, std::allocator<Grow_device_component> >::emplace_back<Grow_device_component>(Grow_device_component&&)
 .text._ZN11Grow_deviceC2EhP11Type_device
                0x0000000008000e48       0x94 Core/Grow_device/Grow_device.o
                0x0000000008000e48                Grow_device::Grow_device(unsigned char, Type_device*)
                0x0000000008000e48                Grow_device::Grow_device(unsigned char, Type_device*)
 .text._ZN21Grow_device_interface9load_dataER11Grow_deviceR17LoRa_contact_datamm
                0x0000000008000edc       0x3a Core/Grow_device/Grow_device_interface.o
                0x0000000008000edc                Grow_device_interface::load_data(Grow_device&, LoRa_contact_data&, unsigned long, unsigned long)
 .text._ZN21Grow_device_interface9save_dataERK11Grow_deviceRK17LoRa_contact_dataRmS6_
                0x0000000008000f16       0x38 Core/Grow_device/Grow_device_interface.o
                0x0000000008000f16                Grow_device_interface::save_data(Grow_device const&, LoRa_contact_data const&, unsigned long&, unsigned long&)
 *fill*         0x0000000008000f4e        0x2 
 .text._ZN21Grow_device_interface24send_registration_packetERK11Grow_deviceR17LoRa_contact_data
                0x0000000008000f50       0xe4 Core/Grow_device/Grow_device_interface.o
                0x0000000008000f50                Grow_device_interface::send_registration_packet(Grow_device const&, LoRa_contact_data&)
 .text._ZN21Grow_device_interface19check_contact_errorER11Grow_deviceR17LoRa_contact_data
                0x0000000008001034       0x48 Core/Grow_device/Grow_device_interface.o
                0x0000000008001034                Grow_device_interface::check_contact_error(Grow_device&, LoRa_contact_data&)
 .text._ZNSt5arrayI11LoRa_packetLj15EED2Ev
                0x000000000800107c       0x1a Core/Grow_device/Grow_device_interface.o
                0x000000000800107c                std::array<LoRa_packet, 15u>::~array()
                0x000000000800107c                std::array<LoRa_packet, 15u>::~array()
 .text._ZNSt5arrayI11LoRa_packetLj15EEaSEOS1_
                0x0000000008001096       0x1a Core/Grow_device/Grow_device_interface.o
                0x0000000008001096                std::array<LoRa_packet, 15u>::operator=(std::array<LoRa_packet, 15u>&&)
 .text._ZN21Grow_device_interface19check_regist_packetER11Grow_deviceR17LoRa_contact_data
                0x00000000080010b0      0x108 Core/Grow_device/Grow_device_interface.o
                0x00000000080010b0                Grow_device_interface::check_regist_packet(Grow_device&, LoRa_contact_data&)
 .text._ZN21Grow_device_interface23contact_package_handlerER11Grow_deviceR17LoRa_contact_dataR11LoRa_packet
                0x00000000080011b8       0x40 Core/Grow_device/Grow_device_interface.o
                0x00000000080011b8                Grow_device_interface::contact_package_handler(Grow_device&, LoRa_contact_data&, LoRa_packet&)
 .text.startup._GLOBAL__sub_I_grow_device_interface
                0x00000000080011f8       0x18 Core/Grow_device/Grow_device_interface.o
 .text.exit._GLOBAL__sub_D_grow_device_interface
                0x0000000008001210       0x10 Core/Grow_device/Grow_device_interface.o
 .text._ZN21Grow_device_interface17build_data_packetER11Grow_deviceR17LoRa_contact_data
                0x0000000008001220      0x138 Core/Grow_device/Grow_device_interface.o
                0x0000000008001220                Grow_device_interface::build_data_packet(Grow_device&, LoRa_contact_data&)
 .text._ZN21Grow_device_interface22system_package_handlerER11Grow_deviceR17LoRa_contact_dataR11LoRa_packet
                0x0000000008001358       0xb0 Core/Grow_device/Grow_device_interface.o
                0x0000000008001358                Grow_device_interface::system_package_handler(Grow_device&, LoRa_contact_data&, LoRa_packet&)
 .text._ZN21Grow_device_interface26read_received_data_packetsER11Grow_deviceR17LoRa_contact_data
                0x0000000008001408       0xb4 Core/Grow_device/Grow_device_interface.o
                0x0000000008001408                Grow_device_interface::read_received_data_packets(Grow_device&, LoRa_contact_data&)
 .text._ZN21Grow_device_componentC2E11Type_deviceh
                0x00000000080014bc        0xa Core/Grow_device_component/Grow_device_component.o
                0x00000000080014bc                Grow_device_component::Grow_device_component(Type_device, unsigned char)
                0x00000000080014bc                Grow_device_component::Grow_device_component(Type_device, unsigned char)
 .text._ZNK21Grow_device_component8get_typeEv
                0x00000000080014c6        0x4 Core/Grow_device_component/Grow_device_component.o
                0x00000000080014c6                Grow_device_component::get_type() const
 .text._ZNK21Grow_device_component6get_idEv
                0x00000000080014ca        0x4 Core/Grow_device_component/Grow_device_component.o
                0x00000000080014ca                Grow_device_component::get_id() const
 .text._ZNK21Grow_device_component9get_valueEv
                0x00000000080014ce        0x4 Core/Grow_device_component/Grow_device_component.o
                0x00000000080014ce                Grow_device_component::get_value() const
 .text._ZN21Grow_device_component9set_valueEt
                0x00000000080014d2        0xe Core/Grow_device_component/Grow_device_component.o
                0x00000000080014d2                Grow_device_component::set_value(unsigned short)
 .text._ZNSt5arrayI11LoRa_packetLj15EEC2Ev
                0x00000000080014e0       0x1a Core/LoRa_contact_data/LoRa_contact_data.o
                0x00000000080014e0                std::array<LoRa_packet, 15u>::array()
                0x00000000080014e0                std::array<LoRa_packet, 15u>::array()
 .text._ZN17LoRa_contact_dataD2Ev
                0x00000000080014fa       0x44 Core/LoRa_contact_data/LoRa_contact_data.o
                0x00000000080014fa                LoRa_contact_data::~LoRa_contact_data()
                0x00000000080014fa                LoRa_contact_data::~LoRa_contact_data()
 *fill*         0x000000000800153e        0x2 
 .text._ZN17LoRa_contact_data16init_lora_moduleEP19__SPI_HandleTypeDef
                0x0000000008001540       0x18 Core/LoRa_contact_data/LoRa_contact_data.o
                0x0000000008001540                LoRa_contact_data::init_lora_module(__SPI_HandleTypeDef*)
 .text._ZN17LoRa_contact_data17begin_lora_moduleEmbhhmh
                0x0000000008001558       0x38 Core/LoRa_contact_data/LoRa_contact_data.o
                0x0000000008001558                LoRa_contact_data::begin_lora_module(unsigned long, bool, unsigned char, unsigned char, unsigned long, unsigned char)
 .text._ZN17LoRa_contact_data10set_my_adrE12LoRa_address
                0x0000000008001590        0xa Core/LoRa_contact_data/LoRa_contact_data.o
                0x0000000008001590                LoRa_contact_data::set_my_adr(LoRa_address)
 .text._ZNK17LoRa_contact_data10get_my_adrEv
                0x000000000800159a       0x16 Core/LoRa_contact_data/LoRa_contact_data.o
                0x000000000800159a                LoRa_contact_data::get_my_adr() const
 .text._ZN17LoRa_contact_data11set_channelEt
                0x00000000080015b0        0xe Core/LoRa_contact_data/LoRa_contact_data.o
                0x00000000080015b0                LoRa_contact_data::set_channel(unsigned short)
 .text._ZNK17LoRa_contact_data11get_channelEv
                0x00000000080015be        0x4 Core/LoRa_contact_data/LoRa_contact_data.o
                0x00000000080015be                LoRa_contact_data::get_channel() const
 *fill*         0x00000000080015c2        0x2 
 .text._ZN17LoRa_contact_data10add_packetE11LoRa_packet
                0x00000000080015c4       0x70 Core/LoRa_contact_data/LoRa_contact_data.o
                0x00000000080015c4                LoRa_contact_data::add_packet(LoRa_packet)
 .text._ZN17LoRa_contact_data17clear_send_packetEv
                0x0000000008001634       0x1e Core/LoRa_contact_data/LoRa_contact_data.o
                0x0000000008001634                LoRa_contact_data::clear_send_packet()
 .text._ZN17LoRa_contact_data17get_state_contactEv
                0x0000000008001652        0x6 Core/LoRa_contact_data/LoRa_contact_data.o
                0x0000000008001652                LoRa_contact_data::get_state_contact()
 .text._ZN17LoRa_contact_data14get_all_packetERh
                0x0000000008001658       0xae Core/LoRa_contact_data/LoRa_contact_data.o
                0x0000000008001658                LoRa_contact_data::get_all_packet(unsigned char&)
 .text._ZN17LoRa_contact_data19get_signal_completeEv
                0x0000000008001706        0xa Core/LoRa_contact_data/LoRa_contact_data.o
                0x0000000008001706                LoRa_contact_data::get_signal_complete()
 .text._ZN17LoRa_contact_data24get_signal_start_connectEv
                0x0000000008001710        0x6 Core/LoRa_contact_data/LoRa_contact_data.o
                0x0000000008001710                LoRa_contact_data::get_signal_start_connect()
 .text._ZN17LoRa_contact_data5clearEv
                0x0000000008001716       0x1e Core/LoRa_contact_data/LoRa_contact_data.o
                0x0000000008001716                LoRa_contact_data::clear()
 .text._ZN17LoRa_contact_dataC2Ev
                0x0000000008001734       0xa2 Core/LoRa_contact_data/LoRa_contact_data.o
                0x0000000008001734                LoRa_contact_data::LoRa_contact_data()
                0x0000000008001734                LoRa_contact_data::LoRa_contact_data()
 *fill*         0x00000000080017d6        0x2 
 .text._ZN17LoRa_contact_data13create_packetEh11Packet_Type
                0x00000000080017d8       0x48 Core/LoRa_contact_data/LoRa_contact_data.o
                0x00000000080017d8                LoRa_contact_data::create_packet(unsigned char, Packet_Type)
 .text._ZN17LoRa_contact_data21create_connect_packetEhb
                0x0000000008001820       0xf8 Core/LoRa_contact_data/LoRa_contact_data.o
                0x0000000008001820                LoRa_contact_data::create_connect_packet(unsigned char, bool)
 .text._ZN17LoRa_contact_data18create_data_packetEv
                0x0000000008001918       0x48 Core/LoRa_contact_data/LoRa_contact_data.o
                0x0000000008001918                LoRa_contact_data::create_data_packet()
 .text._ZN17LoRa_contact_data17create_amt_packetEv
                0x0000000008001960       0x68 Core/LoRa_contact_data/LoRa_contact_data.o
                0x0000000008001960                LoRa_contact_data::create_amt_packet()
 .text._ZN17LoRa_contact_data20create_number_packetEv
                0x00000000080019c8       0xe8 Core/LoRa_contact_data/LoRa_contact_data.o
                0x00000000080019c8                LoRa_contact_data::create_number_packet()
 .text._ZN17LoRa_contact_data23create_disconnet_packetEb
                0x0000000008001ab0       0x58 Core/LoRa_contact_data/LoRa_contact_data.o
                0x0000000008001ab0                LoRa_contact_data::create_disconnet_packet(bool)
 .text._ZN17LoRa_contact_data19packet_dont_correctEbb
                0x0000000008001b08       0x74 Core/LoRa_contact_data/LoRa_contact_data.o
                0x0000000008001b08                LoRa_contact_data::packet_dont_correct(bool, bool)
 .text._ZN17LoRa_contact_data17check_packet_typeE11Packet_Type
                0x0000000008001b7c       0x1c Core/LoRa_contact_data/LoRa_contact_data.o
                0x0000000008001b7c                LoRa_contact_data::check_packet_type(Packet_Type)
 .text._ZN17LoRa_contact_data17check_packet_typeE11Packet_TypeRKh
                0x0000000008001b98       0x34 Core/LoRa_contact_data/LoRa_contact_data.o
                0x0000000008001b98                LoRa_contact_data::check_packet_type(Packet_Type, unsigned char const&)
 .text._ZN17LoRa_contact_data17search_num_packetEt
                0x0000000008001bcc       0x44 Core/LoRa_contact_data/LoRa_contact_data.o
                0x0000000008001bcc                LoRa_contact_data::search_num_packet(unsigned short)
 .text._ZN17LoRa_contact_data14pop_num_packetERKSt5arrayItLj15EEh
                0x0000000008001c10       0x82 Core/LoRa_contact_data/LoRa_contact_data.o
                0x0000000008001c10                LoRa_contact_data::pop_num_packet(std::array<unsigned short, 15u> const&, unsigned char)
 *fill*         0x0000000008001c92        0x2 
 .text._ZN17LoRa_contact_data15sort_num_packetEv
                0x0000000008001c94       0x88 Core/LoRa_contact_data/LoRa_contact_data.o
                0x0000000008001c94                LoRa_contact_data::sort_num_packet()
 .text._ZN17LoRa_contact_data28recip_connection_queue_checkER13Stage_control
                0x0000000008001d1c       0x38 Core/LoRa_contact_data/LoRa_contact_data.o
                0x0000000008001d1c                LoRa_contact_data::recip_connection_queue_check(Stage_control&)
 .text._ZN17LoRa_contact_data21set_LoRa_mode_receiveEv
                0x0000000008001d54       0x2c Core/LoRa_contact_data/LoRa_contact_data.o
                0x0000000008001d54                LoRa_contact_data::set_LoRa_mode_receive()
 .text._ZN17LoRa_contact_data14wait_recipientE12LoRa_address
                0x0000000008001d80       0x2c Core/LoRa_contact_data/LoRa_contact_data.o
                0x0000000008001d80                LoRa_contact_data::wait_recipient(LoRa_address)
 .text._ZN17LoRa_contact_data17broadcast_receiveE12LoRa_address
                0x0000000008001dac       0x2e Core/LoRa_contact_data/LoRa_contact_data.o
                0x0000000008001dac                LoRa_contact_data::broadcast_receive(LoRa_address)
 .text._ZN17LoRa_contact_data21broadcast_wait_packetEv
                0x0000000008001dda       0x48 Core/LoRa_contact_data/LoRa_contact_data.o
                0x0000000008001dda                LoRa_contact_data::broadcast_wait_packet()
 *fill*         0x0000000008001e22        0x2 
 .text._ZN17LoRa_contact_data18set_LoRa_mode_sendEb
                0x0000000008001e24       0x60 Core/LoRa_contact_data/LoRa_contact_data.o
                0x0000000008001e24                LoRa_contact_data::set_LoRa_mode_send(bool)
 .text._ZN17LoRa_contact_data23init_exchange_boardcastER13Stage_control
                0x0000000008001e84       0x6a Core/LoRa_contact_data/LoRa_contact_data.o
                0x0000000008001e84                LoRa_contact_data::init_exchange_boardcast(Stage_control&)
 *fill*         0x0000000008001eee        0x2 
 .text._ZN17LoRa_contact_data19set_LoRa_mode_sleepEv
                0x0000000008001ef0       0x10 Core/LoRa_contact_data/LoRa_contact_data.o
                0x0000000008001ef0                LoRa_contact_data::set_LoRa_mode_sleep()
 .text._ZN17LoRa_contact_data11end_contactEv
                0x0000000008001f00       0x44 Core/LoRa_contact_data/LoRa_contact_data.o
                0x0000000008001f00                LoRa_contact_data::end_contact()
 .text._ZN17LoRa_contact_data16contact_completeEv
                0x0000000008001f44       0x1e Core/LoRa_contact_data/LoRa_contact_data.o
                0x0000000008001f44                LoRa_contact_data::contact_complete()
 .text._ZN17LoRa_contact_data16recip_disconnectER13Stage_control
                0x0000000008001f62       0xa8 Core/LoRa_contact_data/LoRa_contact_data.o
                0x0000000008001f62                LoRa_contact_data::recip_disconnect(Stage_control&)
 .text._ZN17LoRa_contact_data14broadcast_sendEb
                0x000000000800200a       0x40 Core/LoRa_contact_data/LoRa_contact_data.o
                0x000000000800200a                LoRa_contact_data::broadcast_send(bool)
 .text._ZN17LoRa_contact_data21broadcast_send_packetEv
                0x000000000800204a       0x70 Core/LoRa_contact_data/LoRa_contact_data.o
                0x000000000800204a                LoRa_contact_data::broadcast_send_packet()
 *fill*         0x00000000080020ba        0x2 
 .text._ZN17LoRa_contact_data19work_contact_systemEv
                0x00000000080020bc      0x128 Core/LoRa_contact_data/LoRa_contact_data.o
                0x00000000080020bc                LoRa_contact_data::work_contact_system()
 .text._ZN17LoRa_contact_data22init_connection_expectER13Stage_control
                0x00000000080021e4      0x188 Core/LoRa_contact_data/LoRa_contact_data.o
                0x00000000080021e4                LoRa_contact_data::init_connection_expect(Stage_control&)
 .text._ZN17LoRa_contact_data20init_connection_waitER13Stage_control
                0x000000000800236c       0xbc Core/LoRa_contact_data/LoRa_contact_data.o
                0x000000000800236c                LoRa_contact_data::init_connection_wait(Stage_control&)
 .text._ZN17LoRa_contact_data15init_connectionER13Stage_control
                0x0000000008002428       0x14 Core/LoRa_contact_data/LoRa_contact_data.o
                0x0000000008002428                LoRa_contact_data::init_connection(Stage_control&)
 .text._ZN17LoRa_contact_data31init_exchange_wait_confirmationER13Stage_control
                0x000000000800243c      0x138 Core/LoRa_contact_data/LoRa_contact_data.o
                0x000000000800243c                LoRa_contact_data::init_exchange_wait_confirmation(Stage_control&)
 .text._ZN17LoRa_contact_data26init_exchange_wait_numbersER13Stage_control
                0x0000000008002574      0x190 Core/LoRa_contact_data/LoRa_contact_data.o
                0x0000000008002574                LoRa_contact_data::init_exchange_wait_numbers(Stage_control&)
 .text._ZN17LoRa_contact_data13init_exchangeER13Stage_control
                0x0000000008002704       0x1c Core/LoRa_contact_data/LoRa_contact_data.o
                0x0000000008002704                LoRa_contact_data::init_exchange(Stage_control&)
 .text._ZN17LoRa_contact_data29recip_connection_wait_requestER13Stage_control
                0x0000000008002720      0x188 Core/LoRa_contact_data/LoRa_contact_data.o
                0x0000000008002720                LoRa_contact_data::recip_connection_wait_request(Stage_control&)
 .text._ZN17LoRa_contact_data16recip_connectionER13Stage_control
                0x00000000080028a8       0x14 Core/LoRa_contact_data/LoRa_contact_data.o
                0x00000000080028a8                LoRa_contact_data::recip_connection(Stage_control&)
 .text._ZN17LoRa_contact_data21recip_exchange_expectER13Stage_control
                0x00000000080028bc      0x11c Core/LoRa_contact_data/LoRa_contact_data.o
                0x00000000080028bc                LoRa_contact_data::recip_exchange_expect(Stage_control&)
 .text._ZN17LoRa_contact_data28recip_exchange_wait_reactionER13Stage_control
                0x00000000080029d8      0x130 Core/LoRa_contact_data/LoRa_contact_data.o
                0x00000000080029d8                LoRa_contact_data::recip_exchange_wait_reaction(Stage_control&)
 .text._ZN17LoRa_contact_data14recip_exchangeER13Stage_control
                0x0000000008002b08       0x14 Core/LoRa_contact_data/LoRa_contact_data.o
                0x0000000008002b08                LoRa_contact_data::recip_exchange(Stage_control&)
 .text.Get_control_module_info_from_main
                0x0000000008002b1c       0x18 Core/LoRa_main_cpp/LoRa_main_file.o
                0x0000000008002b1c                Get_control_module_info_from_main
 .text.Send_registration_packet
                0x0000000008002b34       0x18 Core/LoRa_main_cpp/LoRa_main_file.o
                0x0000000008002b34                Send_registration_packet
 .text.Init_lora_module
                0x0000000008002b4c        0xc Core/LoRa_main_cpp/LoRa_main_file.o
                0x0000000008002b4c                Init_lora_module
 .text.Begin_lora_module
                0x0000000008002b58       0x88 Core/LoRa_main_cpp/LoRa_main_file.o
                0x0000000008002b58                Begin_lora_module
 .text.Main_cpp
                0x0000000008002be0       0x34 Core/LoRa_main_cpp/LoRa_main_file.o
                0x0000000008002be0                Main_cpp
 .text.Contact_group_control_module
                0x0000000008002c14       0xdc Core/LoRa_main_cpp/LoRa_main_file.o
                0x0000000008002c14                Contact_group_control_module
 .text.startup._GLOBAL__sub_I_device_array
                0x0000000008002cf0       0x24 Core/LoRa_main_cpp/LoRa_main_file.o
 .text.exit._GLOBAL__sub_D_device_array
                0x0000000008002d14       0x20 Core/LoRa_main_cpp/LoRa_main_file.o
 .text._ZN8RegisterC2Ethh
                0x0000000008002d34       0x42 Core/LoRa_module/Address_field.o
                0x0000000008002d34                Register::Register(unsigned short, unsigned char, unsigned char)
                0x0000000008002d34                Register::Register(unsigned short, unsigned char, unsigned char)
 .text._ZNK8Register7addressEv
                0x0000000008002d76        0x4 Core/LoRa_module/Address_field.o
                0x0000000008002d76                Register::address() const
 .text._ZNK8Register4maskEv
                0x0000000008002d7a        0x4 Core/LoRa_module/Address_field.o
                0x0000000008002d7a                Register::mask() const
 .text._ZeqRK8RegisterS1_
                0x0000000008002d7e       0x28 Core/LoRa_module/Address_field.o
                0x0000000008002d7e                operator==(Register const&, Register const&)
 .text._ZneRK8RegisterS1_
                0x0000000008002da6        0xe Core/LoRa_module/Address_field.o
                0x0000000008002da6                operator!=(Register const&, Register const&)
 .text._ZN13Address_field18init_address_fieldEPK8RegisterhbcmmPKmm
                0x0000000008002db4       0x94 Core/LoRa_module/Address_field.o
                0x0000000008002db4                Address_field::init_address_field(Register const*, unsigned char, bool, char, unsigned long, unsigned long, unsigned long const*, unsigned long)
 .text._ZN13Address_fieldC2EPK8RegisterhbcmmPKmm
                0x0000000008002e48       0x26 Core/LoRa_module/Address_field.o
                0x0000000008002e48                Address_field::Address_field(Register const*, unsigned char, bool, char, unsigned long, unsigned long, unsigned long const*, unsigned long)
                0x0000000008002e48                Address_field::Address_field(Register const*, unsigned char, bool, char, unsigned long, unsigned long, unsigned long const*, unsigned long)
 .text._ZNK13Address_field9get_valueEPKhi
                0x0000000008002e6e       0x60 Core/LoRa_module/Address_field.o
                0x0000000008002e6e                Address_field::get_value(unsigned char const*, int) const
 .text._ZNK13Address_field9set_valueEmPhi
                0x0000000008002ece       0xbe Core/LoRa_module/Address_field.o
                0x0000000008002ece                Address_field::set_value(unsigned long, unsigned char*, int) const
 .text._ZNK13Address_field9get_valueERK11LoRa_packeth
                0x0000000008002f8c       0x98 Core/LoRa_module/Address_field.o
                0x0000000008002f8c                Address_field::get_value(LoRa_packet const&, unsigned char) const
 .text._ZNK13Address_field9set_valueEmR11LoRa_packeth
                0x0000000008003024      0x142 Core/LoRa_module/Address_field.o
                0x0000000008003024                Address_field::set_value(unsigned long, LoRa_packet&, unsigned char) const
 .text._ZNK13Address_field13get_registersEv
                0x0000000008003166        0x4 Core/LoRa_module/Address_field.o
                0x0000000008003166                Address_field::get_registers() const
 .text._ZNK13Address_field13get_reg_countEv
                0x000000000800316a        0x4 Core/LoRa_module/Address_field.o
                0x000000000800316a                Address_field::get_reg_count() const
 .text._ZeqRK13Address_fieldS1_
                0x000000000800316e       0x7a Core/LoRa_module/Address_field.o
                0x000000000800316e                operator==(Address_field const&, Address_field const&)
 .text._ZN10LoRa_classD2Ev
                0x00000000080031e8       0x1a Core/LoRa_module/LoRa.o
                0x00000000080031e8                LoRa_class::~LoRa_class()
                0x00000000080031e8                LoRa_class::~LoRa_class()
 *fill*         0x0000000008003202        0x2 
 .text._ZN10LoRa_class4initEP19__SPI_HandleTypeDef
                0x0000000008003204       0x44 Core/LoRa_module/LoRa.o
                0x0000000008003204                LoRa_class::init(__SPI_HandleTypeDef*)
 .text._ZN10LoRa_classC2Ev
                0x0000000008003248       0x16 Core/LoRa_module/LoRa.o
                0x0000000008003248                LoRa_class::LoRa_class()
                0x0000000008003248                LoRa_class::LoRa_class()
 .text._ZN10LoRa_class9field_setE13Address_fieldmb
                0x000000000800325e       0x50 Core/LoRa_module/LoRa.o
                0x000000000800325e                LoRa_class::field_set(Address_field, unsigned long, bool)
 .text._ZN10LoRa_class9field_setEP13Address_fieldPmhb
                0x00000000080032ae       0x2e Core/LoRa_module/LoRa.o
                0x00000000080032ae                LoRa_class::field_set(Address_field*, unsigned long*, unsigned char, bool)
 .text._ZN10LoRa_class9field_getE13Address_fieldPmb
                0x00000000080032dc       0x36 Core/LoRa_module/LoRa.o
                0x00000000080032dc                LoRa_class::field_get(Address_field, unsigned long*, bool)
 .text._ZN10LoRa_class9field_getEP13Address_fieldPmhb
                0x0000000008003312       0x10 Core/LoRa_module/LoRa.o
                0x0000000008003312                LoRa_class::field_get(Address_field*, unsigned long*, unsigned char, bool)
 *fill*         0x0000000008003322        0x2 
 .text._ZN10LoRa_class8set_modeEh
                0x0000000008003324       0x60 Core/LoRa_module/LoRa.o
                0x0000000008003324                LoRa_class::set_mode(unsigned char)
 .text._ZN10LoRa_class10mode_sleepEv
                0x0000000008003384        0x6 Core/LoRa_module/LoRa.o
                0x0000000008003384                LoRa_class::mode_sleep()
 .text._ZN10LoRa_class10mode_STDBYEv
                0x000000000800338a        0x6 Core/LoRa_module/LoRa.o
                0x000000000800338a                LoRa_class::mode_STDBY()
 .text._ZN10LoRa_class7mode_TXEb
                0x0000000008003390       0x3c Core/LoRa_module/LoRa.o
                0x0000000008003390                LoRa_class::mode_TX(bool)
 .text._ZN10LoRa_class9mode_FSTXEv
                0x00000000080033cc        0x6 Core/LoRa_module/LoRa.o
                0x00000000080033cc                LoRa_class::mode_FSTX()
 *fill*         0x00000000080033d2        0x2 
 .text._ZN10LoRa_class14mode_RX_singleEb
                0x00000000080033d4       0x6c Core/LoRa_module/LoRa.o
                0x00000000080033d4                LoRa_class::mode_RX_single(bool)
 .text._ZN10LoRa_class12set_TX_powerEhbh
                0x0000000008003440       0xe0 Core/LoRa_module/LoRa.o
                0x0000000008003440                LoRa_class::set_TX_power(unsigned char, bool, unsigned char)
 .text._ZN10LoRa_class13set_frequencyEy
                0x0000000008003520       0x44 Core/LoRa_module/LoRa.o
                0x0000000008003520                LoRa_class::set_frequency(unsigned long long)
 .text._ZN10LoRa_class20set_spreading_factorEh
                0x0000000008003564       0x94 Core/LoRa_module/LoRa.o
                0x0000000008003564                LoRa_class::set_spreading_factor(unsigned char)
 .text._ZN10LoRa_class20set_signal_bandwidthEy
                0x00000000080035f8      0x13c Core/LoRa_module/LoRa.o
                0x00000000080035f8                LoRa_class::set_signal_bandwidth(unsigned long long)
 .text._ZN10LoRa_class10crc_enableEv
                0x0000000008003734       0x2c Core/LoRa_module/LoRa.o
                0x0000000008003734                LoRa_class::crc_enable()
 .text._ZN10LoRa_class5beginEybhhyh
                0x0000000008003760      0x1f0 Core/LoRa_module/LoRa.o
                0x0000000008003760                LoRa_class::begin(unsigned long long, bool, unsigned char, unsigned char, unsigned long long, unsigned char)
 .text._ZN10LoRa_class11packet_rssiEv
                0x0000000008003950       0x5c Core/LoRa_module/LoRa.o
                0x0000000008003950                LoRa_class::packet_rssi()
 .text._ZN10LoRa_class16read_packet_dataEbbb
                0x00000000080039ac       0xd4 Core/LoRa_module/LoRa.o
                0x00000000080039ac                LoRa_class::read_packet_data(bool, bool, bool)
 .text._ZN10LoRa_class15receiver_packetEhmbb
                0x0000000008003a80      0x2e0 Core/LoRa_module/LoRa.o
                0x0000000008003a80                LoRa_class::receiver_packet(unsigned char, unsigned long, bool, bool)
 .text._ZN10LoRa_class12packet_beginEv
                0x0000000008003d60       0x3c Core/LoRa_module/LoRa.o
                0x0000000008003d60                LoRa_class::packet_begin()
 .text._ZN10LoRa_class12packet_writeEPhh
                0x0000000008003d9c       0x80 Core/LoRa_module/LoRa.o
                0x0000000008003d9c                LoRa_class::packet_write(unsigned char*, unsigned char)
 .text._ZN10LoRa_class10packet_endEmb
                0x0000000008003e1c       0xa4 Core/LoRa_module/LoRa.o
                0x0000000008003e1c                LoRa_class::packet_end(unsigned long, bool)
 .text._ZN10LoRa_class13sender_packetEPhhm
                0x0000000008003ec0       0x2a Core/LoRa_module/LoRa.o
                0x0000000008003ec0                LoRa_class::sender_packet(unsigned char*, unsigned char, unsigned long)
 *fill*         0x0000000008003eea        0x2 
 .text.startup._GLOBAL__sub_I_LoRa
                0x0000000008003eec        0xc Core/LoRa_module/LoRa.o
 .text.exit._GLOBAL__sub_D_LoRa
                0x0000000008003ef8        0xc Core/LoRa_module/LoRa.o
 .text._ZN16LoRa_packet_data8add_dataEh
                0x0000000008003f04       0x16 Core/LoRa_module/LoRa_packet.o
                0x0000000008003f04                LoRa_packet_data::add_data(unsigned char)
 .text._ZN16LoRa_packet_data8add_dataEPKhh
                0x0000000008003f1a       0x28 Core/LoRa_module/LoRa_packet.o
                0x0000000008003f1a                LoRa_packet_data::add_data(unsigned char const*, unsigned char)
 .text._ZN16LoRa_packet_data8set_dataEPKhh
                0x0000000008003f42       0x2a Core/LoRa_module/LoRa_packet.o
                0x0000000008003f42                LoRa_packet_data::set_data(unsigned char const*, unsigned char)
 .text._ZN11LoRa_packet11search_dataEv
                0x0000000008003f6c       0x90 Core/LoRa_module/LoRa_packet.o
                0x0000000008003f6c                LoRa_packet::search_data()
 .text._ZN11LoRa_packetC2Ev
                0x0000000008003ffc       0x10 Core/LoRa_module/LoRa_packet.o
                0x0000000008003ffc                LoRa_packet::LoRa_packet()
                0x0000000008003ffc                LoRa_packet::LoRa_packet()
 .text._ZN11LoRa_packetD2Ev
                0x000000000800400c        0xa Core/LoRa_module/LoRa_packet.o
                0x000000000800400c                LoRa_packet::~LoRa_packet()
                0x000000000800400c                LoRa_packet::~LoRa_packet()
 .text._ZN11LoRa_packet15add_packet_dataEh
                0x0000000008004016        0x6 Core/LoRa_module/LoRa_packet.o
                0x0000000008004016                LoRa_packet::add_packet_data(unsigned char)
 .text._ZN11LoRa_packet15add_packet_dataEPKhh
                0x000000000800401c        0x6 Core/LoRa_module/LoRa_packet.o
                0x000000000800401c                LoRa_packet::add_packet_data(unsigned char const*, unsigned char)
 .text._ZN11LoRa_packet10set_packetEPKhhbh
                0x0000000008004022       0x18 Core/LoRa_module/LoRa_packet.o
                0x0000000008004022                LoRa_packet::set_packet(unsigned char const*, unsigned char, bool, unsigned char)
 .text._ZN11LoRa_packetC2EPKhhbh
                0x000000000800403a       0x2a Core/LoRa_module/LoRa_packet.o
                0x000000000800403a                LoRa_packet::LoRa_packet(unsigned char const*, unsigned char, bool, unsigned char)
                0x000000000800403a                LoRa_packet::LoRa_packet(unsigned char const*, unsigned char, bool, unsigned char)
 .text._ZN11LoRa_packet12clear_packetEv
                0x0000000008004064       0x16 Core/LoRa_module/LoRa_packet.o
                0x0000000008004064                LoRa_packet::clear_packet()
 .text._ZNK11LoRa_packet7get_lenEv
                0x000000000800407a        0x8 Core/LoRa_module/LoRa_packet.o
                0x000000000800407a                LoRa_packet::get_len() const
 .text._ZNK11LoRa_packet13get_crc_errorEv
                0x0000000008004082        0x4 Core/LoRa_module/LoRa_packet.o
                0x0000000008004082                LoRa_packet::get_crc_error() const
 .text._ZN11LoRa_packetixEi
                0x0000000008004086        0x8 Core/LoRa_module/LoRa_packet.o
                0x0000000008004086                LoRa_packet::operator[](int)
 .text._ZNK11LoRa_packetixEi
                0x000000000800408e        0x8 Core/LoRa_module/LoRa_packet.o
                0x000000000800408e                LoRa_packet::operator[](int) const
 .text._ZN11LoRa_packetaSERKS_
                0x0000000008004096       0x3e Core/LoRa_module/LoRa_packet.o
                0x0000000008004096                LoRa_packet::operator=(LoRa_packet const&)
 .text._ZN11LoRa_packetaSEOS_
                0x00000000080040d4       0x1e Core/LoRa_module/LoRa_packet.o
                0x00000000080040d4                LoRa_packet::operator=(LoRa_packet&&)
 .text._ZN11LoRa_packetC2EOS_
                0x00000000080040f2       0x12 Core/LoRa_module/LoRa_packet.o
                0x00000000080040f2                LoRa_packet::LoRa_packet(LoRa_packet&&)
                0x00000000080040f2                LoRa_packet::LoRa_packet(LoRa_packet&&)
 .text.startup._GLOBAL__sub_I_lora_packet_data
                0x0000000008004104       0x1c Core/LoRa_module/LoRa_packet.o
 .text._ZN13LoRa_registerD2Ev
                0x0000000008004120        0x2 Core/LoRa_module/LoRa_register.o
                0x0000000008004120                LoRa_register::~LoRa_register()
                0x0000000008004120                LoRa_register::~LoRa_register()
 .text._ZN13LoRa_register4initEP19__SPI_HandleTypeDefP12GPIO_TypeDeft
                0x0000000008004122        0x8 Core/LoRa_module/LoRa_register.o
                0x0000000008004122                LoRa_register::init(__SPI_HandleTypeDef*, GPIO_TypeDef*, unsigned short)
 .text._ZN13LoRa_register5clearEv
                0x000000000800412a       0x1c Core/LoRa_module/LoRa_register.o
                0x000000000800412a                LoRa_register::clear()
 *fill*         0x0000000008004146        0x2 
 .text._ZN13LoRa_registerC2Ev
                0x0000000008004148       0xc4 Core/LoRa_module/LoRa_register.o
                0x0000000008004148                LoRa_register::LoRa_register()
                0x0000000008004148                LoRa_register::LoRa_register()
 .text._ZN13LoRa_register15field_registersEP13Address_fieldh
                0x000000000800420c       0x8e Core/LoRa_module/LoRa_register.o
                0x000000000800420c                LoRa_register::field_registers(Address_field*, unsigned char)
 .text._ZN13LoRa_register22check_missing_registerEP13Address_fieldh
                0x000000000800429a       0x48 Core/LoRa_module/LoRa_register.o
                0x000000000800429a                LoRa_register::check_missing_register(Address_field*, unsigned char)
 .text._ZN13LoRa_register10check_readEP13Address_fieldh
                0x00000000080042e2       0xd0 Core/LoRa_module/LoRa_register.o
                0x00000000080042e2                LoRa_register::check_read(Address_field*, unsigned char)
 .text._ZN13LoRa_register16_single_transferEhh
                0x00000000080043b2       0x66 Core/LoRa_module/LoRa_register.o
                0x00000000080043b2                LoRa_register::_single_transfer(unsigned char, unsigned char)
 .text._ZN13LoRa_register14_read_registerEh
                0x0000000008004418        0xa Core/LoRa_module/LoRa_register.o
                0x0000000008004418                LoRa_register::_read_register(unsigned char)
 .text._ZN13LoRa_register13register_readEP13Address_fieldhb
                0x0000000008004422       0x60 Core/LoRa_module/LoRa_register.o
                0x0000000008004422                LoRa_register::register_read(Address_field*, unsigned char, bool)
 .text._ZN13LoRa_register15get_field_valueEP13Address_fieldPmhb
                0x0000000008004482       0x50 Core/LoRa_module/LoRa_register.o
                0x0000000008004482                LoRa_register::get_field_value(Address_field*, unsigned long*, unsigned char, bool)
 .text._ZN13LoRa_register15get_field_valueE13Address_fieldPmb
                0x00000000080044d2       0x24 Core/LoRa_module/LoRa_register.o
                0x00000000080044d2                LoRa_register::get_field_value(Address_field, unsigned long*, bool)
 *fill*         0x00000000080044f6        0x2 
 .text._ZN13LoRa_register15set_field_valueEP13Address_fieldPmh
                0x00000000080044f8       0x88 Core/LoRa_module/LoRa_register.o
                0x00000000080044f8                LoRa_register::set_field_value(Address_field*, unsigned long*, unsigned char)
 .text._ZN13LoRa_register15set_field_valueE13Address_fieldm
                0x0000000008004580       0x1c Core/LoRa_module/LoRa_register.o
                0x0000000008004580                LoRa_register::set_field_value(Address_field, unsigned long)
 .text._ZN13LoRa_register15_write_registerEhh
                0x000000000800459c        0x8 Core/LoRa_module/LoRa_register.o
                0x000000000800459c                LoRa_register::_write_register(unsigned char, unsigned char)
 .text._ZN13LoRa_register14register_writeEP13Address_fieldhbb
                0x00000000080045a4       0x6c Core/LoRa_module/LoRa_register.o
                0x00000000080045a4                LoRa_register::register_write(Address_field*, unsigned char, bool, bool)
 .text._ZN13LoRa_register14register_writeE13Address_fieldbb
                0x0000000008004610       0x26 Core/LoRa_module/LoRa_register.o
                0x0000000008004610                LoRa_register::register_write(Address_field, bool, bool)
 *fill*         0x0000000008004636        0x2 
 .text._ZN13LoRa_register11clear_flagsEP13Address_fieldhb
                0x0000000008004638       0xa8 Core/LoRa_module/LoRa_register.o
                0x0000000008004638                LoRa_register::clear_flags(Address_field*, unsigned char, bool)
 .text._ZN13LoRa_register11clear_flagsE13Address_fieldb
                0x00000000080046e0       0x1e Core/LoRa_module/LoRa_register.o
                0x00000000080046e0                LoRa_register::clear_flags(Address_field, bool)
 *fill*         0x00000000080046fe        0x2 
 .text.startup._GLOBAL__sub_I_REG_FIFO
                0x0000000008004700      0xb14 Core/LoRa_module/LoRa_register_data.o
 .text._ZN15Packet_analyzer11set_settingEh
                0x0000000008005214        0x4 Core/Packet_analyzer/Packet_analyzer.o
                0x0000000008005214                Packet_Connection::set_setting(unsigned char)
                0x0000000008005214                Packet_analyzer::set_setting(unsigned char)
 .text._ZN13Packet_Sensor11set_settingEh
                0x0000000008005218        0x6 Core/Packet_analyzer/Packet_analyzer.o
                0x0000000008005218                Packet_Sensor::set_setting(unsigned char)
 .text._ZN13Packet_Device11set_settingEh
                0x000000000800521e        0x6 Core/Packet_analyzer/Packet_analyzer.o
                0x000000000800521e                Packet_Device::set_setting(unsigned char)
 .text._ZN13Packet_System11set_settingEh
                0x0000000008005224        0x4 Core/Packet_analyzer/Packet_analyzer.o
                0x0000000008005224                Packet_System::set_setting(unsigned char)
 .text._ZN12LoRa_addressC2EPKhh
                0x0000000008005228       0x30 Core/Packet_analyzer/Packet_analyzer.o
                0x0000000008005228                LoRa_address::LoRa_address(unsigned char const*, unsigned char)
                0x0000000008005228                LoRa_address::LoRa_address(unsigned char const*, unsigned char)
 .text._ZN12LoRa_addressC2Ett
                0x0000000008005258        0x6 Core/Packet_analyzer/Packet_analyzer.o
                0x0000000008005258                LoRa_address::LoRa_address(unsigned short, unsigned short)
                0x0000000008005258                LoRa_address::LoRa_address(unsigned short, unsigned short)
 .text._ZN12LoRa_addressC2Em
                0x000000000800525e        0x8 Core/Packet_analyzer/Packet_analyzer.o
                0x000000000800525e                LoRa_address::LoRa_address(unsigned long)
                0x000000000800525e                LoRa_address::LoRa_address(unsigned long)
 .text._ZN12LoRa_address6globalEv
                0x0000000008005266       0x1c Core/Packet_analyzer/Packet_analyzer.o
                0x0000000008005266                LoRa_address::global()
 .text._ZneRK12LoRa_addressS1_
                0x0000000008005282       0x18 Core/Packet_analyzer/Packet_analyzer.o
                0x0000000008005282                operator!=(LoRa_address const&, LoRa_address const&)
 *fill*         0x000000000800529a        0x2 
 .text._ZN15Packet_analyzerC2Ev
                0x000000000800529c       0x20 Core/Packet_analyzer/Packet_analyzer.o
                0x000000000800529c                Packet_analyzer::Packet_analyzer()
                0x000000000800529c                Packet_analyzer::Packet_analyzer()
 .text._ZN15Packet_analyzer18get_dest_adr_groupERK11LoRa_packet
                0x00000000080052bc       0x10 Core/Packet_analyzer/Packet_analyzer.o
                0x00000000080052bc                Packet_analyzer::get_dest_adr_group(LoRa_packet const&)
 .text._ZN15Packet_analyzer19get_dest_adr_branchERK11LoRa_packet
                0x00000000080052cc       0x10 Core/Packet_analyzer/Packet_analyzer.o
                0x00000000080052cc                Packet_analyzer::get_dest_adr_branch(LoRa_packet const&)
 .text._ZN15Packet_analyzer12get_dest_adrERK11LoRa_packet
                0x00000000080052dc       0x1c Core/Packet_analyzer/Packet_analyzer.o
                0x00000000080052dc                Packet_analyzer::get_dest_adr(LoRa_packet const&)
 .text._ZN15Packet_analyzer18get_sour_adr_groupERK11LoRa_packet
                0x00000000080052f8       0x10 Core/Packet_analyzer/Packet_analyzer.o
                0x00000000080052f8                Packet_analyzer::get_sour_adr_group(LoRa_packet const&)
 .text._ZN15Packet_analyzer19get_sour_adr_branchERK11LoRa_packet
                0x0000000008005308       0x10 Core/Packet_analyzer/Packet_analyzer.o
                0x0000000008005308                Packet_analyzer::get_sour_adr_branch(LoRa_packet const&)
 .text._ZN15Packet_analyzer12get_sour_adrERK11LoRa_packet
                0x0000000008005318       0x1c Core/Packet_analyzer/Packet_analyzer.o
                0x0000000008005318                Packet_analyzer::get_sour_adr(LoRa_packet const&)
 .text._ZN15Packet_analyzer15get_packet_typeERK11LoRa_packet
                0x0000000008005334        0xa Core/Packet_analyzer/Packet_analyzer.o
                0x0000000008005334                Packet_analyzer::get_packet_type(LoRa_packet const&)
 .text._ZN15Packet_analyzer17get_packet_numberERK11LoRa_packet
                0x000000000800533e       0x10 Core/Packet_analyzer/Packet_analyzer.o
                0x000000000800533e                Packet_analyzer::get_packet_number(LoRa_packet const&)
 .text._ZN15Packet_analyzer18set_dest_adr_groupER11LoRa_packett
                0x000000000800534e       0x14 Core/Packet_analyzer/Packet_analyzer.o
                0x000000000800534e                Packet_analyzer::set_dest_adr_group(LoRa_packet&, unsigned short)
 .text._ZN15Packet_analyzer19set_dest_adr_branchER11LoRa_packett
                0x0000000008005362       0x14 Core/Packet_analyzer/Packet_analyzer.o
                0x0000000008005362                Packet_analyzer::set_dest_adr_branch(LoRa_packet&, unsigned short)
 .text._ZN15Packet_analyzer12set_dest_adrER11LoRa_packet12LoRa_address
                0x0000000008005376       0x3e Core/Packet_analyzer/Packet_analyzer.o
                0x0000000008005376                Packet_analyzer::set_dest_adr(LoRa_packet&, LoRa_address)
 .text._ZN15Packet_analyzer18set_sour_adr_groupER11LoRa_packett
                0x00000000080053b4       0x14 Core/Packet_analyzer/Packet_analyzer.o
                0x00000000080053b4                Packet_analyzer::set_sour_adr_group(LoRa_packet&, unsigned short)
 .text._ZN15Packet_analyzer19set_sour_adr_branchER11LoRa_packett
                0x00000000080053c8       0x14 Core/Packet_analyzer/Packet_analyzer.o
                0x00000000080053c8                Packet_analyzer::set_sour_adr_branch(LoRa_packet&, unsigned short)
 .text._ZN15Packet_analyzer12set_sour_adrER11LoRa_packet12LoRa_address
                0x00000000080053dc       0x3e Core/Packet_analyzer/Packet_analyzer.o
                0x00000000080053dc                Packet_analyzer::set_sour_adr(LoRa_packet&, LoRa_address)
 .text._ZN15Packet_analyzer15set_packet_typeER11LoRa_packet11Packet_Type
                0x000000000800541a       0x14 Core/Packet_analyzer/Packet_analyzer.o
                0x000000000800541a                Packet_analyzer::set_packet_type(LoRa_packet&, Packet_Type)
 .text._ZN15Packet_analyzer17set_packet_numberER11LoRa_packett
                0x000000000800542e       0x14 Core/Packet_analyzer/Packet_analyzer.o
                0x000000000800542e                Packet_analyzer::set_packet_number(LoRa_packet&, unsigned short)
 *fill*         0x0000000008005442        0x2 
 .text._ZN17Packet_Connection11set_commandER11LoRa_packeth
                0x0000000008005444       0x30 Core/Packet_analyzer/Packet_analyzer.o
                0x0000000008005444                Packet_Connection::set_command(LoRa_packet&, unsigned char)
 .text._ZN17Packet_Connection11get_commandERK11LoRa_packetPh
                0x0000000008005474       0x38 Core/Packet_analyzer/Packet_analyzer.o
                0x0000000008005474                Packet_Connection::get_command(LoRa_packet const&, unsigned char*)
 .text._ZN17Packet_Connection16get_size_by_dataEPKhS1_Rh
                0x00000000080054ac       0x58 Core/Packet_analyzer/Packet_analyzer.o
                0x00000000080054ac                Packet_Connection::get_size_by_data(unsigned char const*, unsigned char const*, unsigned char&)
 .text._ZN17Packet_Connection8set_dataER11LoRa_packetPhh
                0x0000000008005504       0xc8 Core/Packet_analyzer/Packet_analyzer.o
                0x0000000008005504                Packet_Connection::set_data(LoRa_packet&, unsigned char*, unsigned char)
 .text._ZN17Packet_Connection15set_packet_dataER11LoRa_packetPhS2_S2_
                0x00000000080055cc       0x28 Core/Packet_analyzer/Packet_analyzer.o
                0x00000000080055cc                Packet_Connection::set_packet_data(LoRa_packet&, unsigned char*, unsigned char*, unsigned char*)
 .text._ZN17Packet_Connection8get_dataERK11LoRa_packetPhS3_
                0x00000000080055f4       0xf4 Core/Packet_analyzer/Packet_analyzer.o
                0x00000000080055f4                Packet_Connection::get_data(LoRa_packet const&, unsigned char*, unsigned char*)
 .text._ZN17Packet_Connection15get_packet_dataERK11LoRa_packetPhS3_S3_
                0x00000000080056e8       0x26 Core/Packet_analyzer/Packet_analyzer.o
                0x00000000080056e8                Packet_Connection::get_packet_data(LoRa_packet const&, unsigned char*, unsigned char*, unsigned char*)
 *fill*         0x000000000800570e        0x2 
 .text._ZN17Packet_Connection18get_size_by_packetERK11LoRa_packetRh
                0x0000000008005710       0x8c Core/Packet_analyzer/Packet_analyzer.o
                0x0000000008005710                Packet_Connection::get_size_by_packet(LoRa_packet const&, unsigned char&)
 .text._ZN13Packet_Device15set_packet_dataER11LoRa_packetPhS2_S2_S2_S2_
                0x000000000800579c       0xf0 Core/Packet_analyzer/Packet_analyzer.o
                0x000000000800579c                Packet_Device::set_packet_data(LoRa_packet&, unsigned char*, unsigned char*, unsigned char*, unsigned char*, unsigned char*)
 .text._ZN13Packet_System15set_packet_dataER11LoRa_packetPhS2_S2_
                0x000000000800588c       0xd4 Core/Packet_analyzer/Packet_analyzer.o
                0x000000000800588c                Packet_System::set_packet_data(LoRa_packet&, unsigned char*, unsigned char*, unsigned char*)
 .text._ZN13Packet_System15get_packet_dataERK11LoRa_packetPhS3_S3_
                0x0000000008005960       0xc4 Core/Packet_analyzer/Packet_analyzer.o
                0x0000000008005960                Packet_System::get_packet_data(LoRa_packet const&, unsigned char*, unsigned char*, unsigned char*)
 .text._ZN13Packet_System18get_size_by_packetERK11LoRa_packetRh
                0x0000000008005a24       0x78 Core/Packet_analyzer/Packet_analyzer.o
                0x0000000008005a24                Packet_System::get_size_by_packet(LoRa_packet const&, unsigned char&)
 .text.startup._GLOBAL__sub_I_LORA_ADDRESS_BRANCH
                0x0000000008005a9c      0x3d8 Core/Packet_analyzer/Packet_analyzer.o
 .text.SystemClock_Config
                0x0000000008005e74       0x86 Core/Src/main.o
                0x0000000008005e74                SystemClock_Config
 *fill*         0x0000000008005efa        0x2 
 .text.HAL_GPIO_EXTI_Callback
                0x0000000008005efc       0x28 Core/Src/main.o
                0x0000000008005efc                HAL_GPIO_EXTI_Callback
 .text.alarm_rtc
                0x0000000008005f24       0x68 Core/Src/main.o
                0x0000000008005f24                alarm_rtc
 .text.DevicesGetValues
                0x0000000008005f8c       0x28 Core/Src/main.o
                0x0000000008005f8c                DevicesGetValues
 *fill*         0x0000000008005fb4        0x4 
 .text.startup.main
                0x0000000008005fb8      0x440 Core/Src/main.o
                0x0000000008005fb8                main
 .text.HAL_MspInit
                0x00000000080063f8       0x44 Core/Src/stm32f1xx_hal_msp.o
                0x00000000080063f8                HAL_MspInit
 .text.HAL_RTC_MspInit
                0x000000000800643c       0x50 Core/Src/stm32f1xx_hal_msp.o
                0x000000000800643c                HAL_RTC_MspInit
 .text.HAL_SPI_MspInit
                0x000000000800648c       0x84 Core/Src/stm32f1xx_hal_msp.o
                0x000000000800648c                HAL_SPI_MspInit
 .text.HAL_TIM_Base_MspInit
                0x0000000008006510       0x60 Core/Src/stm32f1xx_hal_msp.o
                0x0000000008006510                HAL_TIM_Base_MspInit
 .text.NMI_Handler
                0x0000000008006570        0x2 Core/Src/stm32f1xx_it.o
                0x0000000008006570                NMI_Handler
 .text.HardFault_Handler
                0x0000000008006572        0x2 Core/Src/stm32f1xx_it.o
                0x0000000008006572                HardFault_Handler
 .text.MemManage_Handler
                0x0000000008006574        0x2 Core/Src/stm32f1xx_it.o
                0x0000000008006574                MemManage_Handler
 .text.BusFault_Handler
                0x0000000008006576        0x2 Core/Src/stm32f1xx_it.o
                0x0000000008006576                BusFault_Handler
 .text.UsageFault_Handler
                0x0000000008006578        0x2 Core/Src/stm32f1xx_it.o
                0x0000000008006578                UsageFault_Handler
 .text.SVC_Handler
                0x000000000800657a        0x2 Core/Src/stm32f1xx_it.o
                0x000000000800657a                SVC_Handler
 .text.DebugMon_Handler
                0x000000000800657c        0x2 Core/Src/stm32f1xx_it.o
                0x000000000800657c                DebugMon_Handler
 .text.PendSV_Handler
                0x000000000800657e        0x2 Core/Src/stm32f1xx_it.o
                0x000000000800657e                PendSV_Handler
 .text.SysTick_Handler
                0x0000000008006580       0x14 Core/Src/stm32f1xx_it.o
                0x0000000008006580                SysTick_Handler
 .text.EXTI2_IRQHandler
                0x0000000008006594        0x6 Core/Src/stm32f1xx_it.o
                0x0000000008006594                EXTI2_IRQHandler
 *fill*         0x000000000800659a        0x2 
 .text.SPI1_IRQHandler
                0x000000000800659c        0xc Core/Src/stm32f1xx_it.o
                0x000000000800659c                SPI1_IRQHandler
 .text.EXTI15_10_IRQHandler
                0x00000000080065a8        0x8 Core/Src/stm32f1xx_it.o
                0x00000000080065a8                EXTI15_10_IRQHandler
 .text.RTC_Alarm_IRQHandler
                0x00000000080065b0       0x14 Core/Src/stm32f1xx_it.o
                0x00000000080065b0                RTC_Alarm_IRQHandler
 .text._getpid  0x00000000080065c4        0x4 Core/Src/syscalls.o
                0x00000000080065c4                _getpid
 .text._kill    0x00000000080065c8       0x10 Core/Src/syscalls.o
                0x00000000080065c8                _kill
 .text._exit    0x00000000080065d8        0xc Core/Src/syscalls.o
                0x00000000080065d8                _exit
 .text._sbrk    0x00000000080065e4       0x40 Core/Src/sysmem.o
                0x00000000080065e4                _sbrk
 .text.SystemInit
                0x0000000008006624        0x2 Core/Src/system_stm32f1xx.o
                0x0000000008006624                SystemInit
 *fill*         0x0000000008006626        0x2 
 .text.Reset_Handler
                0x0000000008006628       0x48 Core/Startup/startup_stm32f103c8tx.o
                0x0000000008006628                Reset_Handler
 .text.Default_Handler
                0x0000000008006670        0x2 Core/Startup/startup_stm32f103c8tx.o
                0x0000000008006670                TIM1_CC_IRQHandler
                0x0000000008006670                PVD_IRQHandler
                0x0000000008006670                EXTI3_IRQHandler
                0x0000000008006670                EXTI0_IRQHandler
                0x0000000008006670                I2C2_EV_IRQHandler
                0x0000000008006670                ADC1_2_IRQHandler
                0x0000000008006670                TAMPER_IRQHandler
                0x0000000008006670                DMA1_Channel4_IRQHandler
                0x0000000008006670                USART3_IRQHandler
                0x0000000008006670                RTC_IRQHandler
                0x0000000008006670                DMA1_Channel7_IRQHandler
                0x0000000008006670                CAN1_RX1_IRQHandler
                0x0000000008006670                TIM4_IRQHandler
                0x0000000008006670                I2C1_EV_IRQHandler
                0x0000000008006670                DMA1_Channel6_IRQHandler
                0x0000000008006670                TIM3_IRQHandler
                0x0000000008006670                RCC_IRQHandler
                0x0000000008006670                TIM1_TRG_COM_IRQHandler
                0x0000000008006670                DMA1_Channel1_IRQHandler
                0x0000000008006670                Default_Handler
                0x0000000008006670                EXTI9_5_IRQHandler
                0x0000000008006670                SPI2_IRQHandler
                0x0000000008006670                DMA1_Channel5_IRQHandler
                0x0000000008006670                EXTI4_IRQHandler
                0x0000000008006670                USB_LP_CAN1_RX0_IRQHandler
                0x0000000008006670                USB_HP_CAN1_TX_IRQHandler
                0x0000000008006670                DMA1_Channel3_IRQHandler
                0x0000000008006670                TIM1_UP_IRQHandler
                0x0000000008006670                WWDG_IRQHandler
                0x0000000008006670                TIM2_IRQHandler
                0x0000000008006670                TIM1_BRK_IRQHandler
                0x0000000008006670                EXTI1_IRQHandler
                0x0000000008006670                USART2_IRQHandler
                0x0000000008006670                I2C2_ER_IRQHandler
                0x0000000008006670                DMA1_Channel2_IRQHandler
                0x0000000008006670                CAN1_SCE_IRQHandler
                0x0000000008006670                FLASH_IRQHandler
                0x0000000008006670                USART1_IRQHandler
                0x0000000008006670                I2C1_ER_IRQHandler
                0x0000000008006670                USBWakeUp_IRQHandler
 *fill*         0x0000000008006672        0x2 
 .text.HAL_InitTick
                0x0000000008006674       0x48 Drivers/STM32F1xx_HAL_Driver/Src/stm32f1xx_hal.o
                0x0000000008006674                HAL_InitTick
 .text.HAL_Init
                0x00000000080066bc       0x24 Drivers/STM32F1xx_HAL_Driver/Src/stm32f1xx_hal.o
                0x00000000080066bc                HAL_Init
 .text.HAL_IncTick
                0x00000000080066e0       0x18 Drivers/STM32F1xx_HAL_Driver/Src/stm32f1xx_hal.o
                0x00000000080066e0                HAL_IncTick
 .text.HAL_GetTick
                0x00000000080066f8        0xc Drivers/STM32F1xx_HAL_Driver/Src/stm32f1xx_hal.o
                0x00000000080066f8                HAL_GetTick
 .text.HAL_Delay
                0x0000000008006704       0x24 Drivers/STM32F1xx_HAL_Driver/Src/stm32f1xx_hal.o
                0x0000000008006704                HAL_Delay
 .text.HAL_NVIC_SetPriorityGrouping
                0x0000000008006728       0x24 Drivers/STM32F1xx_HAL_Driver/Src/stm32f1xx_hal_cortex.o
                0x0000000008006728                HAL_NVIC_SetPriorityGrouping
 .text.HAL_NVIC_SetPriority
                0x000000000800674c       0x64 Drivers/STM32F1xx_HAL_Driver/Src/stm32f1xx_hal_cortex.o
                0x000000000800674c                HAL_NVIC_SetPriority
 .text.HAL_NVIC_EnableIRQ
                0x00000000080067b0       0x1c Drivers/STM32F1xx_HAL_Driver/Src/stm32f1xx_hal_cortex.o
                0x00000000080067b0                HAL_NVIC_EnableIRQ
 .text.HAL_SYSTICK_Config
                0x00000000080067cc       0x2c Drivers/STM32F1xx_HAL_Driver/Src/stm32f1xx_hal_cortex.o
                0x00000000080067cc                HAL_SYSTICK_Config
 .text.HAL_DMA_Abort_IT
                0x00000000080067f8       0x8c Drivers/STM32F1xx_HAL_Driver/Src/stm32f1xx_hal_dma.o
                0x00000000080067f8                HAL_DMA_Abort_IT
 .text.FLASH_SetErrorCode
                0x0000000008006884       0x50 Drivers/STM32F1xx_HAL_Driver/Src/stm32f1xx_hal_flash.o
 .text.HAL_FLASH_Unlock
                0x00000000080068d4       0x24 Drivers/STM32F1xx_HAL_Driver/Src/stm32f1xx_hal_flash.o
                0x00000000080068d4                HAL_FLASH_Unlock
 .text.HAL_FLASH_Lock
                0x00000000080068f8       0x14 Drivers/STM32F1xx_HAL_Driver/Src/stm32f1xx_hal_flash.o
                0x00000000080068f8                HAL_FLASH_Lock
 .text.FLASH_WaitForLastOperation
                0x000000000800690c       0x54 Drivers/STM32F1xx_HAL_Driver/Src/stm32f1xx_hal_flash.o
                0x000000000800690c                FLASH_WaitForLastOperation
 .text.HAL_FLASH_Program
                0x0000000008006960       0xa4 Drivers/STM32F1xx_HAL_Driver/Src/stm32f1xx_hal_flash.o
                0x0000000008006960                HAL_FLASH_Program
 .text.FLASH_MassErase.isra.0
                0x0000000008006a04       0x24 Drivers/STM32F1xx_HAL_Driver/Src/stm32f1xx_hal_flash_ex.o
 .text.FLASH_PageErase
                0x0000000008006a28       0x24 Drivers/STM32F1xx_HAL_Driver/Src/stm32f1xx_hal_flash_ex.o
                0x0000000008006a28                FLASH_PageErase
 .text.HAL_FLASHEx_Erase
                0x0000000008006a4c       0x98 Drivers/STM32F1xx_HAL_Driver/Src/stm32f1xx_hal_flash_ex.o
                0x0000000008006a4c                HAL_FLASHEx_Erase
 .text.HAL_GPIO_Init
                0x0000000008006ae4      0x1b8 Drivers/STM32F1xx_HAL_Driver/Src/stm32f1xx_hal_gpio.o
                0x0000000008006ae4                HAL_GPIO_Init
 .text.HAL_GPIO_ReadPin
                0x0000000008006c9c        0xc Drivers/STM32F1xx_HAL_Driver/Src/stm32f1xx_hal_gpio.o
                0x0000000008006c9c                HAL_GPIO_ReadPin
 .text.HAL_GPIO_WritePin
                0x0000000008006ca8        0xa Drivers/STM32F1xx_HAL_Driver/Src/stm32f1xx_hal_gpio.o
                0x0000000008006ca8                HAL_GPIO_WritePin
 .text.HAL_GPIO_TogglePin
                0x0000000008006cb2       0x12 Drivers/STM32F1xx_HAL_Driver/Src/stm32f1xx_hal_gpio.o
                0x0000000008006cb2                HAL_GPIO_TogglePin
 .text.HAL_GPIO_EXTI_IRQHandler
                0x0000000008006cc4       0x18 Drivers/STM32F1xx_HAL_Driver/Src/stm32f1xx_hal_gpio.o
                0x0000000008006cc4                HAL_GPIO_EXTI_IRQHandler
 .text.HAL_PWR_EnableBkUpAccess
                0x0000000008006cdc        0xc Drivers/STM32F1xx_HAL_Driver/Src/stm32f1xx_hal_pwr.o
                0x0000000008006cdc                HAL_PWR_EnableBkUpAccess
 .text.HAL_RCC_OscConfig
                0x0000000008006ce8      0x338 Drivers/STM32F1xx_HAL_Driver/Src/stm32f1xx_hal_rcc.o
                0x0000000008006ce8                HAL_RCC_OscConfig
 .text.HAL_RCC_GetSysClockFreq
                0x0000000008007020       0x74 Drivers/STM32F1xx_HAL_Driver/Src/stm32f1xx_hal_rcc.o
                0x0000000008007020                HAL_RCC_GetSysClockFreq
 .text.HAL_RCC_ClockConfig
                0x0000000008007094      0x138 Drivers/STM32F1xx_HAL_Driver/Src/stm32f1xx_hal_rcc.o
                0x0000000008007094                HAL_RCC_ClockConfig
 .text.HAL_RCC_GetPCLK2Freq
                0x00000000080071cc       0x20 Drivers/STM32F1xx_HAL_Driver/Src/stm32f1xx_hal_rcc.o
                0x00000000080071cc                HAL_RCC_GetPCLK2Freq
 .text.HAL_RCCEx_PeriphCLKConfig
                0x00000000080071ec       0xf0 Drivers/STM32F1xx_HAL_Driver/Src/stm32f1xx_hal_rcc_ex.o
                0x00000000080071ec                HAL_RCCEx_PeriphCLKConfig
 .text.HAL_RCCEx_GetPeriphCLKFreq
                0x00000000080072dc       0xe8 Drivers/STM32F1xx_HAL_Driver/Src/stm32f1xx_hal_rcc_ex.o
                0x00000000080072dc                HAL_RCCEx_GetPeriphCLKFreq
 .text.RTC_ReadTimeCounter
                0x00000000080073c4       0x24 Drivers/STM32F1xx_HAL_Driver/Src/stm32f1xx_hal_rtc.o
 .text.RTC_ReadAlarmCounter
                0x00000000080073e8        0xe Drivers/STM32F1xx_HAL_Driver/Src/stm32f1xx_hal_rtc.o
 .text.RTC_ByteToBcd2
                0x00000000080073f6       0x16 Drivers/STM32F1xx_HAL_Driver/Src/stm32f1xx_hal_rtc.o
 .text.RTC_Bcd2ToByte
                0x000000000800740c       0x10 Drivers/STM32F1xx_HAL_Driver/Src/stm32f1xx_hal_rtc.o
 .text.RTC_WeekDayNum
                0x000000000800741c       0x64 Drivers/STM32F1xx_HAL_Driver/Src/stm32f1xx_hal_rtc.o
 .text.RTC_EnterInitMode
                0x0000000008007480       0x2e Drivers/STM32F1xx_HAL_Driver/Src/stm32f1xx_hal_rtc.o
 .text.RTC_ExitInitMode
                0x00000000080074ae       0x30 Drivers/STM32F1xx_HAL_Driver/Src/stm32f1xx_hal_rtc.o
 .text.RTC_WriteTimeCounter
                0x00000000080074de       0x28 Drivers/STM32F1xx_HAL_Driver/Src/stm32f1xx_hal_rtc.o
 .text.RTC_WriteAlarmCounter
                0x0000000008007506       0x28 Drivers/STM32F1xx_HAL_Driver/Src/stm32f1xx_hal_rtc.o
 .text.HAL_RTC_SetTime
                0x000000000800752e       0xa2 Drivers/STM32F1xx_HAL_Driver/Src/stm32f1xx_hal_rtc.o
                0x000000000800752e                HAL_RTC_SetTime
 .text.HAL_RTC_GetTime
                0x00000000080075d0      0x170 Drivers/STM32F1xx_HAL_Driver/Src/stm32f1xx_hal_rtc.o
                0x00000000080075d0                HAL_RTC_GetTime
 .text.HAL_RTC_SetAlarm_IT
                0x0000000008007740       0xdc Drivers/STM32F1xx_HAL_Driver/Src/stm32f1xx_hal_rtc.o
                0x0000000008007740                HAL_RTC_SetAlarm_IT
 .text.HAL_RTC_AlarmAEventCallback
                0x000000000800781c        0x2 Drivers/STM32F1xx_HAL_Driver/Src/stm32f1xx_hal_rtc.o
                0x000000000800781c                HAL_RTC_AlarmAEventCallback
 *fill*         0x000000000800781e        0x2 
 .text.HAL_RTC_AlarmIRQHandler
                0x0000000008007820       0x30 Drivers/STM32F1xx_HAL_Driver/Src/stm32f1xx_hal_rtc.o
                0x0000000008007820                HAL_RTC_AlarmIRQHandler
 .text.HAL_RTC_WaitForSynchro
                0x0000000008007850       0x36 Drivers/STM32F1xx_HAL_Driver/Src/stm32f1xx_hal_rtc.o
                0x0000000008007850                HAL_RTC_WaitForSynchro
 *fill*         0x0000000008007886        0x2 
 .text.HAL_RTC_Init
                0x0000000008007888       0x9c Drivers/STM32F1xx_HAL_Driver/Src/stm32f1xx_hal_rtc.o
                0x0000000008007888                HAL_RTC_Init
 .text.SPI_WaitFlagStateUntilTimeout.constprop.0
                0x0000000008007924       0xac Drivers/STM32F1xx_HAL_Driver/Src/stm32f1xx_hal_spi.o
 .text.SPI_EndRxTxTransaction
                0x00000000080079d0       0x1c Drivers/STM32F1xx_HAL_Driver/Src/stm32f1xx_hal_spi.o
 .text.HAL_SPI_Init
                0x00000000080079ec       0xb0 Drivers/STM32F1xx_HAL_Driver/Src/stm32f1xx_hal_spi.o
                0x00000000080079ec                HAL_SPI_Init
 .text.HAL_SPI_TransmitReceive
                0x0000000008007a9c      0x1de Drivers/STM32F1xx_HAL_Driver/Src/stm32f1xx_hal_spi.o
                0x0000000008007a9c                HAL_SPI_TransmitReceive
 .text.HAL_SPI_ErrorCallback
                0x0000000008007c7a        0x2 Drivers/STM32F1xx_HAL_Driver/Src/stm32f1xx_hal_spi.o
                0x0000000008007c7a                HAL_SPI_ErrorCallback
 .text.HAL_SPI_IRQHandler
                0x0000000008007c7c       0xec Drivers/STM32F1xx_HAL_Driver/Src/stm32f1xx_hal_spi.o
                0x0000000008007c7c                HAL_SPI_IRQHandler
 .text.SPI_DMAAbortOnError
                0x0000000008007d68       0x10 Drivers/STM32F1xx_HAL_Driver/Src/stm32f1xx_hal_spi.o
 .text.TIM_Base_SetConfig
                0x0000000008007d78       0x70 Drivers/STM32F1xx_HAL_Driver/Src/stm32f1xx_hal_tim.o
                0x0000000008007d78                TIM_Base_SetConfig
 .text.HAL_TIM_Base_Init
                0x0000000008007de8       0x58 Drivers/STM32F1xx_HAL_Driver/Src/stm32f1xx_hal_tim.o
                0x0000000008007de8                HAL_TIM_Base_Init
 .text.TIM_ETR_SetConfig
                0x0000000008007e40       0x14 Drivers/STM32F1xx_HAL_Driver/Src/stm32f1xx_hal_tim.o
                0x0000000008007e40                TIM_ETR_SetConfig
 .text.HAL_TIM_ConfigClockSource
                0x0000000008007e54      0x128 Drivers/STM32F1xx_HAL_Driver/Src/stm32f1xx_hal_tim.o
                0x0000000008007e54                HAL_TIM_ConfigClockSource
 .text.HAL_TIMEx_MasterConfigSynchronization
                0x0000000008007f7c       0x5c Drivers/STM32F1xx_HAL_Driver/Src/stm32f1xx_hal_tim_ex.o
                0x0000000008007f7c                HAL_TIMEx_MasterConfigSynchronization
 .text._ZdlPv   0x0000000008007fd8        0x4 /home/igor/.eclipse/com.st.stm32cube.ide.mcu.rcp.product_1.5.0_1935173080_linux_gtk_x86_64/plugins/com.st.stm32cube.ide.mcu.externaltools.gnu-tools-for-stm32.9-2020-q2-update.linux64_1.5.0.202011040924/tools/bin/../lib/gcc/arm-none-eabi/9.3.1/../../../../arm-none-eabi/lib/thumb/v7-m/nofp/libstdc++_nano.a(del_op.o)
                0x0000000008007fd8                operator delete(void*)
 .text._ZdlPvj  0x0000000008007fdc        0x4 /home/igor/.eclipse/com.st.stm32cube.ide.mcu.rcp.product_1.5.0_1935173080_linux_gtk_x86_64/plugins/com.st.stm32cube.ide.mcu.externaltools.gnu-tools-for-stm32.9-2020-q2-update.linux64_1.5.0.202011040924/tools/bin/../lib/gcc/arm-none-eabi/9.3.1/../../../../arm-none-eabi/lib/thumb/v7-m/nofp/libstdc++_nano.a(del_ops.o)
                0x0000000008007fdc                operator delete(void*, unsigned int)
 .text._ZdaPv   0x0000000008007fe0        0x4 /home/igor/.eclipse/com.st.stm32cube.ide.mcu.rcp.product_1.5.0_1935173080_linux_gtk_x86_64/plugins/com.st.stm32cube.ide.mcu.externaltools.gnu-tools-for-stm32.9-2020-q2-update.linux64_1.5.0.202011040924/tools/bin/../lib/gcc/arm-none-eabi/9.3.1/../../../../arm-none-eabi/lib/thumb/v7-m/nofp/libstdc++_nano.a(del_opv.o)
                0x0000000008007fe0                operator delete[](void*)
 .text._Znwj    0x0000000008007fe4       0x22 /home/igor/.eclipse/com.st.stm32cube.ide.mcu.rcp.product_1.5.0_1935173080_linux_gtk_x86_64/plugins/com.st.stm32cube.ide.mcu.externaltools.gnu-tools-for-stm32.9-2020-q2-update.linux64_1.5.0.202011040924/tools/bin/../lib/gcc/arm-none-eabi/9.3.1/../../../../arm-none-eabi/lib/thumb/v7-m/nofp/libstdc++_nano.a(new_op.o)
                0x0000000008007fe4                operator new(unsigned int)
 .text._Znaj    0x0000000008008006        0x4 /home/igor/.eclipse/com.st.stm32cube.ide.mcu.rcp.product_1.5.0_1935173080_linux_gtk_x86_64/plugins/com.st.stm32cube.ide.mcu.externaltools.gnu-tools-for-stm32.9-2020-q2-update.linux64_1.5.0.202011040924/tools/bin/../lib/gcc/arm-none-eabi/9.3.1/../../../../arm-none-eabi/lib/thumb/v7-m/nofp/libstdc++_nano.a(new_opv.o)
                0x0000000008008006                operator new[](unsigned int)
 .text.unlikely._ZSt20__throw_length_errorPKc
                0x000000000800800a        0x6 /home/igor/.eclipse/com.st.stm32cube.ide.mcu.rcp.product_1.5.0_1935173080_linux_gtk_x86_64/plugins/com.st.stm32cube.ide.mcu.externaltools.gnu-tools-for-stm32.9-2020-q2-update.linux64_1.5.0.202011040924/tools/bin/../lib/gcc/arm-none-eabi/9.3.1/../../../../arm-none-eabi/lib/thumb/v7-m/nofp/libstdc++_nano.a(functexcept.o)
                0x000000000800800a                std::__throw_length_error(char const*)
 .text._ZSt15get_new_handlerv
                0x0000000008008010       0x10 /home/igor/.eclipse/com.st.stm32cube.ide.mcu.rcp.product_1.5.0_1935173080_linux_gtk_x86_64/plugins/com.st.stm32cube.ide.mcu.externaltools.gnu-tools-for-stm32.9-2020-q2-update.linux64_1.5.0.202011040924/tools/bin/../lib/gcc/arm-none-eabi/9.3.1/../../../../arm-none-eabi/lib/thumb/v7-m/nofp/libstdc++_nano.a(new_handler.o)
                0x0000000008008010                std::get_new_handler()
 .text.abort    0x0000000008008020        0xe /home/igor/.eclipse/com.st.stm32cube.ide.mcu.rcp.product_1.5.0_1935173080_linux_gtk_x86_64/plugins/com.st.stm32cube.ide.mcu.externaltools.gnu-tools-for-stm32.9-2020-q2-update.linux64_1.5.0.202011040924/tools/bin/../lib/gcc/arm-none-eabi/9.3.1/../../../../arm-none-eabi/lib/thumb/v7-m/nofp/libc_nano.a(lib_a-abort.o)
                0x0000000008008020                abort
 *fill*         0x000000000800802e        0x2 
 .text.__errno  0x0000000008008030        0xc /home/igor/.eclipse/com.st.stm32cube.ide.mcu.rcp.product_1.5.0_1935173080_linux_gtk_x86_64/plugins/com.st.stm32cube.ide.mcu.externaltools.gnu-tools-for-stm32.9-2020-q2-update.linux64_1.5.0.202011040924/tools/bin/../lib/gcc/arm-none-eabi/9.3.1/../../../../arm-none-eabi/lib/thumb/v7-m/nofp/libc_nano.a(lib_a-errno.o)
                0x0000000008008030                __errno
 .text.__libc_init_array
                0x000000000800803c       0x48 /home/igor/.eclipse/com.st.stm32cube.ide.mcu.rcp.product_1.5.0_1935173080_linux_gtk_x86_64/plugins/com.st.stm32cube.ide.mcu.externaltools.gnu-tools-for-stm32.9-2020-q2-update.linux64_1.5.0.202011040924/tools/bin/../lib/gcc/arm-none-eabi/9.3.1/../../../../arm-none-eabi/lib/thumb/v7-m/nofp/libc_nano.a(lib_a-init.o)
                0x000000000800803c                __libc_init_array
 .text.malloc   0x0000000008008084       0x10 /home/igor/.eclipse/com.st.stm32cube.ide.mcu.rcp.product_1.5.0_1935173080_linux_gtk_x86_64/plugins/com.st.stm32cube.ide.mcu.externaltools.gnu-tools-for-stm32.9-2020-q2-update.linux64_1.5.0.202011040924/tools/bin/../lib/gcc/arm-none-eabi/9.3.1/../../../../arm-none-eabi/lib/thumb/v7-m/nofp/libc_nano.a(lib_a-malloc.o)
                0x0000000008008084                malloc
 .text.free     0x0000000008008094       0x10 /home/igor/.eclipse/com.st.stm32cube.ide.mcu.rcp.product_1.5.0_1935173080_linux_gtk_x86_64/plugins/com.st.stm32cube.ide.mcu.externaltools.gnu-tools-for-stm32.9-2020-q2-update.linux64_1.5.0.202011040924/tools/bin/../lib/gcc/arm-none-eabi/9.3.1/../../../../arm-none-eabi/lib/thumb/v7-m/nofp/libc_nano.a(lib_a-malloc.o)
                0x0000000008008094                free
 .text.memcmp   0x00000000080080a4       0x1c /home/igor/.eclipse/com.st.stm32cube.ide.mcu.rcp.product_1.5.0_1935173080_linux_gtk_x86_64/plugins/com.st.stm32cube.ide.mcu.externaltools.gnu-tools-for-stm32.9-2020-q2-update.linux64_1.5.0.202011040924/tools/bin/../lib/gcc/arm-none-eabi/9.3.1/../../../../arm-none-eabi/lib/thumb/v7-m/nofp/libc_nano.a(lib_a-memcmp.o)
                0x00000000080080a4                memcmp
 .text.memset   0x00000000080080c0       0x10 /home/igor/.eclipse/com.st.stm32cube.ide.mcu.rcp.product_1.5.0_1935173080_linux_gtk_x86_64/plugins/com.st.stm32cube.ide.mcu.externaltools.gnu-tools-for-stm32.9-2020-q2-update.linux64_1.5.0.202011040924/tools/bin/../lib/gcc/arm-none-eabi/9.3.1/../../../../arm-none-eabi/lib/thumb/v7-m/nofp/libc_nano.a(lib_a-memset.o)
                0x00000000080080c0                memset
 .text._free_r  0x00000000080080d0       0x98 /home/igor/.eclipse/com.st.stm32cube.ide.mcu.rcp.product_1.5.0_1935173080_linux_gtk_x86_64/plugins/com.st.stm32cube.ide.mcu.externaltools.gnu-tools-for-stm32.9-2020-q2-update.linux64_1.5.0.202011040924/tools/bin/../lib/gcc/arm-none-eabi/9.3.1/../../../../arm-none-eabi/lib/thumb/v7-m/nofp/libc_nano.a(lib_a-nano-freer.o)
                0x00000000080080d0                _free_r
 .text._malloc_r
                0x0000000008008168       0xb4 /home/igor/.eclipse/com.st.stm32cube.ide.mcu.rcp.product_1.5.0_1935173080_linux_gtk_x86_64/plugins/com.st.stm32cube.ide.mcu.externaltools.gnu-tools-for-stm32.9-2020-q2-update.linux64_1.5.0.202011040924/tools/bin/../lib/gcc/arm-none-eabi/9.3.1/../../../../arm-none-eabi/lib/thumb/v7-m/nofp/libc_nano.a(lib_a-nano-mallocr.o)
                0x0000000008008168                _malloc_r
 .text._sbrk_r  0x000000000800821c       0x20 /home/igor/.eclipse/com.st.stm32cube.ide.mcu.rcp.product_1.5.0_1935173080_linux_gtk_x86_64/plugins/com.st.stm32cube.ide.mcu.externaltools.gnu-tools-for-stm32.9-2020-q2-update.linux64_1.5.0.202011040924/tools/bin/../lib/gcc/arm-none-eabi/9.3.1/../../../../arm-none-eabi/lib/thumb/v7-m/nofp/libc_nano.a(lib_a-sbrkr.o)
                0x000000000800821c                _sbrk_r
 .text._raise_r
                0x000000000800823c       0x50 /home/igor/.eclipse/com.st.stm32cube.ide.mcu.rcp.product_1.5.0_1935173080_linux_gtk_x86_64/plugins/com.st.stm32cube.ide.mcu.externaltools.gnu-tools-for-stm32.9-2020-q2-update.linux64_1.5.0.202011040924/tools/bin/../lib/gcc/arm-none-eabi/9.3.1/../../../../arm-none-eabi/lib/thumb/v7-m/nofp/libc_nano.a(lib_a-signal.o)
                0x000000000800823c                _raise_r
 .text.raise    0x000000000800828c       0x10 /home/igor/.eclipse/com.st.stm32cube.ide.mcu.rcp.product_1.5.0_1935173080_linux_gtk_x86_64/plugins/com.st.stm32cube.ide.mcu.externaltools.gnu-tools-for-stm32.9-2020-q2-update.linux64_1.5.0.202011040924/tools/bin/../lib/gcc/arm-none-eabi/9.3.1/../../../../arm-none-eabi/lib/thumb/v7-m/nofp/libc_nano.a(lib_a-signal.o)
                0x000000000800828c                raise