Grow_device.cpp:62:6:void Grow_device::set_system_id(std::array<unsigned char, 12>)	24	static
Grow_device.cpp:65:42:std::array<unsigned char, 12> Grow_device::get_system_id() const	0	static
Grow_device.cpp:69:6:void Grow_device::set_active(uint8_t)	0	static
Grow_device.cpp:74:9:uint8_t Grow_device::get_active() const	0	static
Grow_device.cpp:78:6:bool Grow_device::get_change_value() const	0	static
Grow_device.cpp:81:6:void Grow_device::clear_change_value()	0	static
Grow_device.cpp:85:6:bool Grow_device::set_address(uint16_t)	0	static
Grow_device.cpp:91:10:uint16_t Grow_device::get_address() const	0	static
Grow_device.cpp:96:6:bool Grow_device::set_address_control_module(LoRa_address)	8	static
Grow_device.cpp:102:14:LoRa_address Grow_device::get_address_control_module() const	8	static
Grow_device.cpp:107:6:void Grow_device::set_setting(uint8_t)	0	static
Grow_device.cpp:110:9:uint8_t Grow_device::get_setting() const	0	static
Grow_device.cpp:116:6:void Grow_device::set_period(long unsigned int)	0	static
Grow_device.cpp:119:15:long unsigned int Grow_device::get_period() const	0	static
Grow_device.cpp:123:6:bool Grow_device::check_time(long unsigned int)	0	static
Grow_device.cpp:129:6:void Grow_device::update()	0	static
Grow_device.cpp:132:6:bool Grow_device::read_signal(bool)	0	static
Grow_device.cpp:142:6:bool Grow_device::get_type(uint8_t, Type_device&) const	8	static
Grow_device.cpp:148:6:bool Grow_device::get_type(uint8_t, uint8_t&) const	8	static
Grow_device.cpp:160:6:bool Grow_device::get_id(uint8_t, uint8_t&) const	8	static
Grow_device.cpp:173:6:bool Grow_device::set_value(uint8_t, uint16_t)	8	static
Grow_device.cpp:180:6:bool Grow_device::get_value(uint8_t, uint16_t&)	8	static
Grow_device.cpp:186:6:bool Grow_device::set_value(const std::vector<short unsigned int>&)	16	static
Grow_device.cpp:202:9:uint8_t Grow_device::get_count_component() const	0	static
Grow_device.cpp:206:23:Grow_device_component Grow_device::get_component(uint8_t) const	8	static
Grow_device.cpp:209:36:std::vector<Grow_device_component> Grow_device::get_component() const	16	static
Grow_device.cpp:215:6:bool Grow_device::filter(Grow_device&)	16	static
vector.tcc:426:7:) [with _Args = {Grow_device_component}; _Tp = Grow_device_component; _Alloc = std::allocator<Grow_device_component>]	40	static
vector.tcc:109:7:) [with _Args = {Grow_device_component}; _Tp = Grow_device_component; _Alloc = std::allocator<Grow_device_component>]	8	static
Grow_device.cpp:7:1:Grow_device::Grow_device(uint8_t, Type_device*)	40	static
Grow_device.cpp:24:1:Grow_device::Grow_device(uint8_t, uint8_t*)	40	static
Grow_device.cpp:42:1:Grow_device::Grow_device(const std::vector<Type_device>&)	32	static
vector.tcc:426:7:) [with _Args = {Type_device}; _Tp = Type_device; _Alloc = std::allocator<Type_device>]	40	static
Grow_device.cpp:154:31:std::vector<Type_device> Grow_device::get_type() const	24	static
vector.tcc:426:7:) [with _Args = {unsigned char}; _Tp = unsigned char; _Alloc = std::allocator<unsigned char>]	40	static
Grow_device.cpp:166:22:std::vector<unsigned char> Grow_device::get_id() const	24	static
vector.tcc:426:7:) [with _Args = {short unsigned int}; _Tp = short unsigned int; _Alloc = std::allocator<short unsigned int>]	40	static
Grow_device.cpp:194:23:std::vector<short unsigned int> Grow_device::get_value()	24	static
